Component: ARM Compiler 5.06 update 4 (build 422) Tool: armlink [4d35d2]

==============================================================================

Section Cross References

    startup_stm32f429_439xx.o(STACK) refers (Special) to heapauxi.o(.text) for __use_two_region_memory
    startup_stm32f429_439xx.o(HEAP) refers (Special) to heapauxi.o(.text) for __use_two_region_memory
    startup_stm32f429_439xx.o(RESET) refers (Special) to heapauxi.o(.text) for __use_two_region_memory
    startup_stm32f429_439xx.o(RESET) refers to startup_stm32f429_439xx.o(STACK) for __initial_sp
    startup_stm32f429_439xx.o(RESET) refers to startup_stm32f429_439xx.o(.text) for Reset_Handler
    startup_stm32f429_439xx.o(RESET) refers to stm32f4xx_it.o(.text) for NMI_Handler
    startup_stm32f429_439xx.o(RESET) refers to tm_stm32f4_dma.o(.text) for DMA1_Stream0_IRQHandler
    startup_stm32f429_439xx.o(.text) refers (Special) to heapauxi.o(.text) for __use_two_region_memory
    startup_stm32f429_439xx.o(.text) refers to system_stm32f4xx.o(.text) for SystemInit
    startup_stm32f429_439xx.o(.text) refers to __main.o(!!!main) for __main
    startup_stm32f429_439xx.o(.text) refers to startup_stm32f429_439xx.o(HEAP) for Heap_Mem
    startup_stm32f429_439xx.o(.text) refers to startup_stm32f429_439xx.o(STACK) for Stack_Mem
    stm32f4xx_rcc.o(.text) refers to stm32f4xx_rcc.o(.data) for .data
    stm32f4xx_gpio.o(.text) refers to stm32f4xx_rcc.o(.text) for RCC_AHB1PeriphResetCmd
    stm32f4xx_i2c.o(.text) refers to stm32f4xx_rcc.o(.text) for RCC_APB1PeriphResetCmd
    stm32f4xx_spi.o(.text) refers to stm32f4xx_rcc.o(.text) for RCC_APB1PeriphResetCmd
    tm_stm32f4_delay.o(.text) refers to h1_alloc.o(.text) for malloc
    tm_stm32f4_delay.o(.text) refers to h1_free.o(.text) for free
    tm_stm32f4_delay.o(.text) refers to tm_stm32f4_delay.o(.data) for .data
    tm_stm32f4_delay.o(.text) refers to tm_stm32f4_delay.o(.bss) for .bss
    tm_stm32f4_delay.o(.text) refers to system_stm32f4xx.o(.data) for SystemCoreClock
    tm_stm32f4_fonts.o(.text) refers to strlen.o(.text) for strlen
    tm_stm32f4_fonts.o(.data) refers to tm_stm32f4_fonts.o(.constdata) for TM_Font7x10
    tm_stm32f4_fonts.o(.data) refers to tm_stm32f4_fonts.o(.constdata) for TM_Font11x18
    tm_stm32f4_fonts.o(.data) refers to tm_stm32f4_fonts.o(.constdata) for TM_Font16x26
    tm_stm32f4_stmpe811.o(.text) refers to tm_stm32f4_i2c.o(.text) for TM_I2C_Read
    tm_stm32f4_stmpe811.o(.text) refers to tm_stm32f4_delay.o(.text) for TM_DELAY_Init
    tm_stm32f4_stmpe811.o(.text) refers to tm_stm32f4_delay.o(.data) for TM_Time
    tm_stm32f4_spi.o(.text) refers to tm_stm32f4_gpio.o(.text) for TM_GPIO_InitAlternate
    tm_stm32f4_spi.o(.text) refers to stm32f4xx_spi.o(.text) for SPI_StructInit
    tm_stm32f4_spi.o(.text) refers to stm32f4xx_rcc.o(.text) for RCC_GetClocksFreq
    tm_stm32f4_i2c.o(.text) refers to tm_stm32f4_gpio.o(.text) for TM_GPIO_InitAlternate
    tm_stm32f4_i2c.o(.text) refers to stm32f4xx_i2c.o(.text) for I2C_Init
    tm_stm32f4_i2c.o(.text) refers to tm_stm32f4_i2c.o(.data) for .data
    tm_stm32f4_ili9341.o(.text) refers to stm32f4xx_gpio.o(.text) for GPIO_ResetBits
    tm_stm32f4_ili9341.o(.text) refers to tm_stm32f4_spi.o(.text) for TM_SPI_SetDataSize
    tm_stm32f4_ili9341.o(.text) refers to tm_stm32f4_spi_dma.o(.text) for TM_SPI_DMA_SendHalfWord
    tm_stm32f4_ili9341.o(.text) refers to tm_stm32f4_gpio.o(.text) for TM_GPIO_Init
    tm_stm32f4_ili9341.o(.text) refers to tm_stm32f4_ili9341.o(.data) for .data
    tm_stm32f4_gpio.o(.text) refers to tm_stm32f4_gpio.o(.bss) for .bss
    tm_stm32f4_spi_dma.o(.text) refers to stm32f4xx_dma.o(.text) for DMA_DeInit
    tm_stm32f4_spi_dma.o(.text) refers to tm_stm32f4_dma.o(.text) for TM_DMA_ClearFlag
    tm_stm32f4_spi_dma.o(.text) refers to tm_stm32f4_spi_dma.o(.data) for .data
    tm_stm32f4_spi_dma.o(.text) refers to tm_stm32f4_spi_dma.o(.bss) for .bss
    tm_stm32f4_dma.o(.text) refers to misc.o(.text) for NVIC_Init
    tm_stm32f4_dma.o(.text) refers to tm_stm32f4_dma.o(.constdata) for .constdata
    main.o(.text) refers to tm_stm32f4_ili9341.o(.text) for TM_ILI9341_DrawCircle
    main.o(.text) refers to dflt_clz.o(x$fpl$dflt) for __aeabi_i2d
    main.o(.text) refers to dmul.o(x$fpl$dmul) for __aeabi_dmul
    main.o(.text) refers to daddsub_clz.o(x$fpl$drsb) for __aeabi_drsub
    main.o(.text) refers to dfixu.o(x$fpl$dfixu) for __aeabi_d2uiz
    main.o(.text) refers to system_stm32f4xx.o(.text) for SystemInit
    main.o(.text) refers to tm_stm32f4_stmpe811.o(.text) for TM_STMPE811_Init
    main.o(.text) refers to noretval__2sprintf.o(.text) for __2sprintf
    main.o(.text) refers to tm_stm32f4_fonts.o(.data) for TM_Font_7x10
    main.o(.text) refers to tm_stm32f4_fonts.o(.data) for TM_Font_16x26
    main.o(.text) refers to tm_stm32f4_fonts.o(.data) for TM_Font_11x18
    main.o(.text) refers to tm_stm32f4_delay.o(.data) for TM_Time
[...]
    ../fplib/fpinit.s                        0x00000000   Number         0  fpinit.o ABSOLUTE
    ../fplib/usenofp.s                       0x00000000   Number         0  usenofp.o ABSOLUTE
    ..\00-STM32F429_LIBRARIES\tm_stm32f4_delay.c 0x00000000   Number         0  tm_stm32f4_delay.o ABSOLUTE
    ..\00-STM32F429_LIBRARIES\tm_stm32f4_dma.c 0x00000000   Number         0  tm_stm32f4_dma.o ABSOLUTE
    ..\00-STM32F429_LIBRARIES\tm_stm32f4_fonts.c 0x00000000   Number         0  tm_stm32f4_fonts.o ABSOLUTE
    ..\00-STM32F429_LIBRARIES\tm_stm32f4_gpio.c 0x00000000   Number         0  tm_stm32f4_gpio.o ABSOLUTE
    ..\00-STM32F429_LIBRARIES\tm_stm32f4_i2c.c 0x00000000   Number         0  tm_stm32f4_i2c.o ABSOLUTE
    ..\00-STM32F429_LIBRARIES\tm_stm32f4_ili9341.c 0x00000000   Number         0  tm_stm32f4_ili9341.o ABSOLUTE
    ..\00-STM32F429_LIBRARIES\tm_stm32f4_spi.c 0x00000000   Number         0  tm_stm32f4_spi.o ABSOLUTE
    ..\00-STM32F429_LIBRARIES\tm_stm32f4_spi_dma.c 0x00000000   Number         0  tm_stm32f4_spi_dma.o ABSOLUTE
    ..\00-STM32F429_LIBRARIES\tm_stm32f4_stmpe811.c 0x00000000   Number         0  tm_stm32f4_stmpe811.o ABSOLUTE
    ..\00-STM32F4xx_STANDARD_PERIPHERAL_DRIVERS\CMSIS\Device\ST\STM32F4xx\Source\Templates\arm\startup_stm32f429_439xx.s 0x00000000   Number         0  startup_stm32f429_439xx.o ABSOLUTE
    ..\00-STM32F4xx_STANDARD_PERIPHERAL_DRIVERS\STM32F4xx_StdPeriph_Driver\src\misc.c 0x00000000   Number         0  misc.o ABSOLUTE
    ..\00-STM32F4xx_STANDARD_PERIPHERAL_DRIVERS\STM32F4xx_StdPeriph_Driver\src\stm32f4xx_dma.c 0x00000000   Number         0  stm32f4xx_dma.o ABSOLUTE
    ..\00-STM32F4xx_STANDARD_PERIPHERAL_DRIVERS\STM32F4xx_StdPeriph_Driver\src\stm32f4xx_gpio.c 0x00000000   Number         0  stm32f4xx_gpio.o ABSOLUTE
    ..\00-STM32F4xx_STANDARD_PERIPHERAL_DRIVERS\STM32F4xx_StdPeriph_Driver\src\stm32f4xx_i2c.c 0x00000000   Number         0  stm32f4xx_i2c.o ABSOLUTE
    ..\00-STM32F4xx_STANDARD_PERIPHERAL_DRIVERS\STM32F4xx_StdPeriph_Driver\src\stm32f4xx_rcc.c 0x00000000   Number         0  stm32f4xx_rcc.o ABSOLUTE
    ..\00-STM32F4xx_STANDARD_PERIPHERAL_DRIVERS\STM32F4xx_StdPeriph_Driver\src\stm32f4xx_spi.c 0x00000000   Number         0  stm32f4xx_spi.o ABSOLUTE
    ..\\00-STM32F429_LIBRARIES\\tm_stm32f4_delay.c 0x00000000   Number         0  tm_stm32f4_delay.o ABSOLUTE
    ..\\00-STM32F429_LIBRARIES\\tm_stm32f4_dma.c 0x00000000   Number         0  tm_stm32f4_dma.o ABSOLUTE
    ..\\00-STM32F429_LIBRARIES\\tm_stm32f4_fonts.c 0x00000000   Number         0  tm_stm32f4_fonts.o ABSOLUTE
    ..\\00-STM32F429_LIBRARIES\\tm_stm32f4_gpio.c 0x00000000   Number         0  tm_stm32f4_gpio.o ABSOLUTE
    ..\\00-STM32F429_LIBRARIES\\tm_stm32f4_i2c.c 0x00000000   Number         0  tm_stm32f4_i2c.o ABSOLUTE
    ..\\00-STM32F429_LIBRARIES\\tm_stm32f4_ili9341.c 0x00000000   Number         0  tm_stm32f4_ili9341.o ABSOLUTE
    ..\\00-STM32F429_LIBRARIES\\tm_stm32f4_spi.c 0x00000000   Number         0  tm_stm32f4_spi.o ABSOLUTE
    ..\\00-STM32F429_LIBRARIES\\tm_stm32f4_spi_dma.c 0x00000000   Number         0  tm_stm32f4_spi_dma.o ABSOLUTE
    ..\\00-STM32F429_LIBRARIES\\tm_stm32f4_stmpe811.c 0x00000000   Number         0  tm_stm32f4_stmpe811.o ABSOLUTE
    ..\\00-STM32F4xx_STANDARD_PERIPHERAL_DRIVERS\\STM32F4xx_StdPeriph_Driver\\src\\misc.c 0x00000000   Number         0  misc.o ABSOLUTE
    ..\\00-STM32F4xx_STANDARD_PERIPHERAL_DRIVERS\\STM32F4xx_StdPeriph_Driver\\src\\stm32f4xx_dma.c 0x00000000   Number         0  stm32f4xx_dma.o ABSOLUTE
    ..\\00-STM32F4xx_STANDARD_PERIPHERAL_DRIVERS\\STM32F4xx_StdPeriph_Driver\\src\\stm32f4xx_gpio.c 0x00000000   Number         0  stm32f4xx_gpio.o ABSOLUTE
    ..\\00-STM32F4xx_STANDARD_PERIPHERAL_DRIVERS\\STM32F4xx_StdPeriph_Driver\\src\\stm32f4xx_i2c.c 0x00000000   Number         0  stm32f4xx_i2c.o ABSOLUTE
    ..\\00-STM32F4xx_STANDARD_PERIPHERAL_DRIVERS\\STM32F4xx_StdPeriph_Driver\\src\\stm32f4xx_rcc.c 0x00000000   Number         0  stm32f4xx_rcc.o ABSOLUTE
    ..\\00-STM32F4xx_STANDARD_PERIPHERAL_DRIVERS\\STM32F4xx_StdPeriph_Driver\\src\\stm32f4xx_spi.c 0x00000000   Number         0  stm32f4xx_spi.o ABSOLUTE
    User\\main.c                             0x00000000   Number         0  main.o ABSOLUTE
    User\\stm32f4xx_it.c                     0x00000000   Number         0  stm32f4xx_it.o ABSOLUTE
    User\\system_stm32f4xx.c                 0x00000000   Number         0  system_stm32f4xx.o ABSOLUTE
    User\main.c                              0x00000000   Number         0  main.o ABSOLUTE
    User\stm32f4xx_it.c                      0x00000000   Number         0  stm32f4xx_it.o ABSOLUTE
    User\system_stm32f4xx.c                  0x00000000   Number         0  system_stm32f4xx.o ABSOLUTE
    dc.s                                     0x00000000   Number         0  dc.o ABSOLUTE
    RESET                                    0x08000000   Section      428  startup_stm32f429_439xx.o(RESET)
    !!!main                                  0x080001ac   Section        8  __main.o(!!!main)
    !!!scatter                               0x080001b4   Section       52  __scatter.o(!!!scatter)
    !!handler_copy                           0x080001e8   Section       26  __scatter_copy.o(!!handler_copy)
    !!handler_zi                             0x08000204   Section       28  __scatter_zi.o(!!handler_zi)
    .ARM.Collect$$libinit$$00000000          0x08000220   Section        2  libinit.o(.ARM.Collect$$libinit$$00000000)
    .ARM.Collect$$libinit$$00000001          0x08000222   Section        4  libinit2.o(.ARM.Collect$$libinit$$00000001)
    .ARM.Collect$$libinit$$00000004          0x08000226   Section        0  libinit2.o(.ARM.Collect$$libinit$$00000004)
    .ARM.Collect$$libinit$$00000005          0x08000226   Section        8  libinit2.o(.ARM.Collect$$libinit$$00000005)
    .ARM.Collect$$libinit$$0000000A          0x0800022e   Section        0  libinit2.o(.ARM.Collect$$libinit$$0000000A)
    .ARM.Collect$$libinit$$0000000C          0x0800022e   Section        0  libinit2.o(.ARM.Collect$$libinit$$0000000C)
    .ARM.Collect$$libinit$$0000000E          0x0800022e   Section        0  libinit2.o(.ARM.Collect$$libinit$$0000000E)
    .ARM.Collect$$libinit$$00000011          0x0800022e   Section        0  libinit2.o(.ARM.Collect$$libinit$$00000011)
    .ARM.Collect$$libinit$$00000013          0x0800022e   Section        0  libinit2.o(.ARM.Collect$$libinit$$00000013)
    .ARM.Collect$$libinit$$00000015          0x0800022e   Section        0  libinit2.o(.ARM.Collect$$libinit$$00000015)
    .ARM.Collect$$libinit$$00000017          0x0800022e   Section        0  libinit2.o(.ARM.Collect$$libinit$$00000017)
    .ARM.Collect$$libinit$$00000019          0x0800022e   Section        0  libinit2.o(.ARM.Collect$$libinit$$00000019)
    .ARM.Collect$$libinit$$0000001B          0x0800022e   Section        0  libinit2.o(.ARM.Collect$$libinit$$0000001B)
    .ARM.Collect$$libinit$$0000001D          0x0800022e   Section        0  libinit2.o(.ARM.Collect$$libinit$$0000001D)
    .ARM.Collect$$libinit$$0000001F          0x0800022e   Section        0  libinit2.o(.ARM.Collect$$libinit$$0000001F)
    .ARM.Collect$$libinit$$00000021          0x0800022e   Section        0  libinit2.o(.ARM.Collect$$libinit$$00000021)
    .ARM.Collect$$libinit$$00000023          0x0800022e   Section        0  libinit2.o(.ARM.Collect$$libinit$$00000023)
    .ARM.Collect$$libinit$$00000025          0x0800022e   Section        0  libinit2.o(.ARM.Collect$$libinit$$00000025)
    .ARM.Collect$$libinit$$0000002C          0x0800022e   Section        0  libinit2.o(.ARM.Collect$$libinit$$0000002C)
    .ARM.Collect$$libinit$$0000002E          0x0800022e   Section        0  libinit2.o(.ARM.Collect$$libinit$$0000002E)
    .ARM.Collect$$libinit$$00000030          0x0800022e   Section        0  libinit2.o(.ARM.Collect$$libinit$$00000030)
    .ARM.Collect$$libinit$$00000032          0x0800022e   Section        0  libinit2.o(.ARM.Collect$$libinit$$00000032)
    .ARM.Collect$$libinit$$00000033          0x0800022e   Section        2  libinit2.o(.ARM.Collect$$libinit$$00000033)
    .ARM.Collect$$libshutdown$$00000000      0x08000230   Section        2  libshutdown.o(.ARM.Collect$$libshutdown$$00000000)
    .ARM.Collect$$libshutdown$$00000002      0x08000232   Section        0  libshutdown2.o(.ARM.Collect$$libshutdown$$00000002)
    .ARM.Collect$$libshutdown$$00000004      0x08000232   Section        0  libshutdown2.o(.ARM.Collect$$libshutdown$$00000004)
    .ARM.Collect$$libshutdown$$00000007      0x08000232   Section        0  libshutdown2.o(.ARM.Collect$$libshutdown$$00000007)
    .ARM.Collect$$libshutdown$$0000000A      0x08000232   Section        0  libshutdown2.o(.ARM.Collect$$libshutdown$$0000000A)
    .ARM.Collect$$libshutdown$$0000000C      0x08000232   Section        0  libshutdown2.o(.ARM.Collect$$libshutdown$$0000000C)
    .ARM.Collect$$libshutdown$$0000000F      0x08000232   Section        0  libshutdown2.o(.ARM.Collect$$libshutdown$$0000000F)
    .ARM.Collect$$libshutdown$$00000010      0x08000232   Section        2  libshutdown2.o(.ARM.Collect$$libshutdown$$00000010)
    .ARM.Collect$$rtentry$$00000000          0x08000234   Section        0  __rtentry.o(.ARM.Collect$$rtentry$$00000000)
    .ARM.Collect$$rtentry$$00000002          0x08000234   Section        0  __rtentry2.o(.ARM.Collect$$rtentry$$00000002)
    .ARM.Collect$$rtentry$$00000004          0x08000234   Section        6  __rtentry4.o(.ARM.Collect$$rtentry$$00000004)
    .ARM.Collect$$rtentry$$00000009          0x0800023a   Section        0  __rtentry2.o(.ARM.Collect$$rtentry$$00000009)
    .ARM.Collect$$rtentry$$0000000A          0x0800023a   Section        4  __rtentry2.o(.ARM.Collect$$rtentry$$0000000A)
    .ARM.Collect$$rtentry$$0000000C          0x0800023e   Section        0  __rtentry2.o(.ARM.Collect$$rtentry$$0000000C)
    .ARM.Collect$$rtentry$$0000000D          0x0800023e   Section        8  __rtentry2.o(.ARM.Collect$$rtentry$$0000000D)
    .ARM.Collect$$rtexit$$00000000           0x08000246   Section        2  rtexit.o(.ARM.Collect$$rtexit$$00000000)
    .ARM.Collect$$rtexit$$00000002           0x08000248   Section        0  rtexit2.o(.ARM.Collect$$rtexit$$00000002)
    .ARM.Collect$$rtexit$$00000003           0x08000248   Section        4  rtexit2.o(.ARM.Collect$$rtexit$$00000003)
    .ARM.Collect$$rtexit$$00000004           0x0800024c   Section        6  rtexit2.o(.ARM.Collect$$rtexit$$00000004)
    .emb_text                                0x08000254   Section        0  maybetermalloc1.o(.emb_text)
    .text                                    0x08000254   Section       64  startup_stm32f429_439xx.o(.text)
    $v0                                      0x08000254   Number         0  startup_stm32f429_439xx.o(.text)
    .text                                    0x08000294   Section        0  misc.o(.text)
    .text                                    0x08000344   Section        0  stm32f4xx_rcc.o(.text)
    .text                                    0x080007cc   Section        0  stm32f4xx_gpio.o(.text)
    .text                                    0x080009d8   Section        0  stm32f4xx_i2c.o(.text)
    .text                                    0x08000d38   Section        0  stm32f4xx_spi.o(.text)
    .text                                    0x08001064   Section        0  stm32f4xx_dma.o(.text)
    .text                                    0x08001384   Section        0  tm_stm32f4_delay.o(.text)
    .text                                    0x08001504   Section        0  tm_stm32f4_stmpe811.o(.text)
    Delayms                                  0x080017eb   Thumb Code    44  tm_stm32f4_stmpe811.o(.text)
    .text                                    0x08001824   Section        0  tm_stm32f4_spi.o(.text)
    TM_SPIx_Init                             0x080019a9   Thumb Code   290  tm_stm32f4_spi.o(.text)
    .text                                    0x08001e64   Section        0  tm_stm32f4_i2c.o(.text)
    .text                                    0x080022cc   Section        0  tm_stm32f4_ili9341.o(.text)
    TM_SPI_Send                              0x080022cd   Thumb Code    42  tm_stm32f4_ili9341.o(.text)
    .text                                    0x08002c30   Section        0  tm_stm32f4_gpio.o(.text)
    .text                                    0x08002ecc   Section        0  tm_stm32f4_spi_dma.o(.text)
    TM_SPI_DMA_INT_GetSettings               0x08002ecd   Thumb Code    62  tm_stm32f4_spi_dma.o(.text)
    .text                                    0x080031b4   Section        0  tm_stm32f4_dma.o(.text)
    TM_DMA_INT_ProcessInterrupt              0x080032d5   Thumb Code   102  tm_stm32f4_dma.o(.text)
    .text                                    0x080033a8   Section        0  main.o(.text)
    .text                                    0x08003be4   Section        0  stm32f4xx_it.o(.text)
    .text                                    0x08003c00   Section        0  system_stm32f4xx.o(.text)
    SetSysClock                              0x08003c01   Thumb Code   190  system_stm32f4xx.o(.text)
    .text                                    0x08003d9c   Section        0  h1_alloc.o(.text)
    .text                                    0x08003dfa   Section        0  h1_free.o(.text)
    .text                                    0x08003e48   Section        0  noretval__2sprintf.o(.text)
    .text                                    0x08003e70   Section        0  heapauxi.o(.text)
    .text                                    0x08003e78   Section        8  rt_heap_descriptor_intlibspace.o(.text)
    .text                                    0x08003e80   Section        0  hguard.o(.text)
    .text                                    0x08003e84   Section        0  init_alloc.o(.text)
    .text                                    0x08003f0e   Section        0  h1_init.o(.text)
    .text                                    0x08003f1c   Section        0  _printf_char_common.o(.text)
    _printf_input_char                       0x08003f1d   Thumb Code    10  _printf_char_common.o(.text)
    .text                                    0x08003f4c   Section        0  _sputc.o(.text)
    .text                                    0x08003f58   Section        8  libspace.o(.text)
    .text                                    0x08003f60   Section        0  h1_extend.o(.text)
    .text                                    0x08003f94   Section        0  __printf_nopercent.o(.text)
    .text                                    0x08003fbc   Section        0  defsig_rtmem_outer.o(.text)
    .text                                    0x08003fca   Section        2  use_no_semi.o(.text)
    .text                                    0x08003fcc   Section       74  sys_stackheap_outer.o(.text)
    .text                                    0x08003fcc   Section        0  indicate_semi.o(.text)
    .text                                    0x08004016   Section        0  exit.o(.text)
    .text                                    0x08004028   Section        0  defsig_exit.o(.text)
    .text                                    0x08004034   Section        0  defsig_rtmem_inner.o(.text)
    .text                                    0x08004084   Section        0  sys_exit.o(.text)
    .text                                    0x08004090   Section        0  defsig_general.o(.text)
    .text                                    0x080040c2   Section        0  sys_wrch.o(.text)
    x$fpl$dadd                               0x080040d0   Section      336  daddsub_clz.o(x$fpl$dadd)
    $v0                                      0x080040d0   Number         0  daddsub_clz.o(x$fpl$dadd)
    _dadd1                                   0x080040e1   Thumb Code     0  daddsub_clz.o(x$fpl$dadd)
    x$fpl$dfixu                              0x08004220   Section       90  dfixu.o(x$fpl$dfixu)
    $v0                                      0x08004220   Number         0  dfixu.o(x$fpl$dfixu)
    x$fpl$dflt                               0x0800427a   Section       46  dflt_clz.o(x$fpl$dflt)
    $v0                                      0x0800427a   Number         0  dflt_clz.o(x$fpl$dflt)
    x$fpl$dmul                               0x080042a8   Section      340  dmul.o(x$fpl$dmul)
    $v0                                      0x080042a8   Number         0  dmul.o(x$fpl$dmul)
    x$fpl$dnaninf                            0x080043fc   Section      156  dnaninf.o(x$fpl$dnaninf)
    $v0                                      0x080043fc   Number         0  dnaninf.o(x$fpl$dnaninf)
    x$fpl$dretinf                            0x08004498   Section       12  dretinf.o(x$fpl$dretinf)
    $v0                                      0x08004498   Number         0  dretinf.o(x$fpl$dretinf)
    x$fpl$drsb                               0x080044a4   Section       22  daddsub_clz.o(x$fpl$drsb)
    $v0                                      0x080044a4   Number         0  daddsub_clz.o(x$fpl$drsb)
    x$fpl$dsub                               0x080044bc   Section      468  daddsub_clz.o(x$fpl$dsub)
    $v0                                      0x080044bc   Number         0  daddsub_clz.o(x$fpl$dsub)
    _dsub1                                   0x080044cd   Thumb Code     0  daddsub_clz.o(x$fpl$dsub)
    x$fpl$fpinit                             0x08004690   Section       10  fpinit.o(x$fpl$fpinit)
    $v0                                      0x08004690   Number         0  fpinit.o(x$fpl$fpinit)
    .constdata                               0x0800469a   Section     1900  tm_stm32f4_fonts.o(.constdata)
    x$fpl$usenofp                            0x0800469a   Section        0  usenofp.o(x$fpl$usenofp)
    .constdata                               0x08004e06   Section     3420  tm_stm32f4_fonts.o(.constdata)
    .constdata                               0x08005b62   Section     4940  tm_stm32f4_fonts.o(.constdata)
    .constdata                               0x08006eae   Section       20  tm_stm32f4_dma.o(.constdata)
    DMA_Flags_Bit_Pos                        0x08006eae   Data           4  tm_stm32f4_dma.o(.constdata)
    DMA_IRQs                                 0x08006eb2   Data          16  tm_stm32f4_dma.o(.constdata)
    .data                                    0x20000000   Section       16  stm32f4xx_rcc.o(.data)
    APBAHBPrescTable                         0x20000000   Data          16  stm32f4xx_rcc.o(.data)
    .data                                    0x20000010   Section       16  tm_stm32f4_delay.o(.data)
    .data                                    0x20000020   Section        8  tm_stm32f4_fonts.o(.data)
    .data                                    0x20000028   Section        8  tm_stm32f4_fonts.o(.data)
    .data                                    0x20000030   Section        8  tm_stm32f4_fonts.o(.data)
    .data                                    0x20000038   Section       16  tm_stm32f4_i2c.o(.data)
    TM_I2C_Timeout                           0x20000038   Data           4  tm_stm32f4_i2c.o(.data)
    TM_I2C_INT_Clocks                        0x2000003c   Data          12  tm_stm32f4_i2c.o(.data)
    .data                                    0x20000048   Section       10  tm_stm32f4_ili9341.o(.data)
    .data                                    0x20000054   Section      144  tm_stm32f4_spi_dma.o(.data)
    SPI1_DMA_INT                             0x20000054   Data          24  tm_stm32f4_spi_dma.o(.data)
    SPI2_DMA_INT                             0x2000006c   Data          24  tm_stm32f4_spi_dma.o(.data)
    SPI3_DMA_INT                             0x20000084   Data          24  tm_stm32f4_spi_dma.o(.data)
    SPI4_DMA_INT                             0x2000009c   Data          24  tm_stm32f4_spi_dma.o(.data)
    SPI5_DMA_INT                             0x200000b4   Data          24  tm_stm32f4_spi_dma.o(.data)
    SPI6_DMA_INT                             0x200000cc   Data          24  tm_stm32f4_spi_dma.o(.data)
    .data                                    0x200000e4   Section       20  system_stm32f4xx.o(.data)
    .bss                                     0x200000f8   Section       24  tm_stm32f4_delay.o(.bss)
    CustomTimers                             0x200000f8   Data          24  tm_stm32f4_delay.o(.bss)
    .bss                                     0x20000110   Section       22  tm_stm32f4_gpio.o(.bss)
    GPIO_UsedPins                            0x20000110   Data          22  tm_stm32f4_gpio.o(.bss)
    .bss                                     0x20000128   Section       60  tm_stm32f4_spi_dma.o(.bss)
    DMA_InitStruct                           0x20000128   Data          60  tm_stm32f4_spi_dma.o(.bss)
    .bss                                     0x20000164   Section       96  libspace.o(.bss)
    HEAP                                     0x200001c8   Section      512  startup_stm32f429_439xx.o(HEAP)
    Heap_Mem                                 0x200001c8   Data         512  startup_stm32f429_439xx.o(HEAP)
    STACK                                    0x200003c8   Section     1024  startup_stm32f429_439xx.o(STACK)
    Stack_Mem                                0x200003c8   Data        1024  startup_stm32f429_439xx.o(STACK)
    __initial_sp                             0x200007c8   Data           0  startup_stm32f429_439xx.o(STACK)

    Global Symbols

    Symbol Name                              Value     Ov Type        Size  Object(Section)

    BuildAttributes$$THM_ISAv4$E$P$D$K$B$S$7EM$VFPi3$EXTD16$VFPS$VFMA$PE$A:L22UL41UL21$X:L11$S22US41US21$IEEE1$IW$USESV6$~STKCKD$USESV7$~SHL$OTIME$ROPI$EBA8$UX$STANDARDLIB$REQ8$PRES8$EABIv2 0x00000000   Number         0  anon$$obj.o ABSOLUTE
    __ARM_use_no_argv                        0x00000000   Number         0  main.o ABSOLUTE
    TM_DELAY_1msHandler                       - Undefined Weak Reference
    __ARM_exceptions_init                     - Undefined Weak Reference
    __alloca_initialize                       - Undefined Weak Reference
    __arm_preinit_                            - Undefined Weak Reference
    __cpp_initialize__aeabi_                  - Undefined Weak Reference
    __cxa_finalize                            - Undefined Weak Reference
    __rt_locale                               - Undefined Weak Reference
    __sigvec_lookup                           - Undefined Weak Reference
    __user_heap_extent                        - Undefined Weak Reference
    _atexit_init                              - Undefined Weak Reference
    _call_atexit_fns                          - Undefined Weak Reference
    _clock_init                               - Undefined Weak Reference
    _fp_trap_init                             - Undefined Weak Reference
    _fp_trap_shutdown                         - Undefined Weak Reference
    _get_lc_collate                           - Undefined Weak Reference
    _get_lc_ctype                             - Undefined Weak Reference
    _get_lc_monetary                          - Undefined Weak Reference
    _get_lc_numeric                           - Undefined Weak Reference
    _get_lc_time                              - Undefined Weak Reference
    _getenv_init                              - Undefined Weak Reference
    _handle_redirection                       - Undefined Weak Reference
    _initio                                   - Undefined Weak Reference
    _mutex_acquire                            - Undefined Weak Reference
    _mutex_free                               - Undefined Weak Reference
    _mutex_release                            - Undefined Weak Reference
    _rand_init                                - Undefined Weak Reference
    _signal_finish                            - Undefined Weak Reference
    _signal_init                              - Undefined Weak Reference
    _terminateio                              - Undefined Weak Reference
    __Vectors_Size                           0x000001ac   Number         0  startup_stm32f429_439xx.o ABSOLUTE
    __Vectors                                0x08000000   Data           4  startup_stm32f429_439xx.o(RESET)
    __Vectors_End                            0x080001ac   Data           0  startup_stm32f429_439xx.o(RESET)
    __main                                   0x080001ad   Thumb Code     8  __main.o(!!!main)
    __scatterload                            0x080001b5   Thumb Code     0  __scatter.o(!!!scatter)
    __scatterload_rt2                        0x080001b5   Thumb Code    44  __scatter.o(!!!scatter)
    __scatterload_rt2_thumb_only             0x080001b5   Thumb Code     0  __scatter.o(!!!scatter)
    __scatterload_null                       0x080001c3   Thumb Code     0  __scatter.o(!!!scatter)
    __scatterload_copy                       0x080001e9   Thumb Code    26  __scatter_copy.o(!!handler_copy)
    __scatterload_zeroinit                   0x08000205   Thumb Code    28  __scatter_zi.o(!!handler_zi)
    __rt_lib_init                            0x08000221   Thumb Code     0  libinit.o(.ARM.Collect$$libinit$$00000000)
    __rt_lib_init_fp_1                       0x08000223   Thumb Code     0  libinit2.o(.ARM.Collect$$libinit$$00000001)
    __rt_lib_init_heap_2                     0x08000227   Thumb Code     0  libinit2.o(.ARM.Collect$$libinit$$00000005)
    __rt_lib_init_preinit_1                  0x08000227   Thumb Code     0  libinit2.o(.ARM.Collect$$libinit$$00000004)
    __rt_lib_init_alloca_1                   0x0800022f   Thumb Code     0  libinit2.o(.ARM.Collect$$libinit$$0000002E)
    __rt_lib_init_argv_1                     0x0800022f   Thumb Code     0  libinit2.o(.ARM.Collect$$libinit$$0000002C)
    __rt_lib_init_atexit_1                   0x0800022f   Thumb Code     0  libinit2.o(.ARM.Collect$$libinit$$0000001B)
    __rt_lib_init_clock_1                    0x0800022f   Thumb Code     0  libinit2.o(.ARM.Collect$$libinit$$00000021)
    __rt_lib_init_cpp_1                      0x0800022f   Thumb Code     0  libinit2.o(.ARM.Collect$$libinit$$00000032)
    __rt_lib_init_exceptions_1               0x0800022f   Thumb Code     0  libinit2.o(.ARM.Collect$$libinit$$00000030)
    __rt_lib_init_fp_trap_1                  0x0800022f   Thumb Code     0  libinit2.o(.ARM.Collect$$libinit$$0000001F)
    __rt_lib_init_getenv_1                   0x0800022f   Thumb Code     0  libinit2.o(.ARM.Collect$$libinit$$00000023)
    __rt_lib_init_heap_1                     0x0800022f   Thumb Code     0  libinit2.o(.ARM.Collect$$libinit$$0000000A)
    __rt_lib_init_lc_collate_1               0x0800022f   Thumb Code     0  libinit2.o(.ARM.Collect$$libinit$$00000011)
    __rt_lib_init_lc_ctype_1                 0x0800022f   Thumb Code     0  libinit2.o(.ARM.Collect$$libinit$$00000013)
    __rt_lib_init_lc_monetary_1              0x0800022f   Thumb Code     0  libinit2.o(.ARM.Collect$$libinit$$00000015)
    __rt_lib_init_lc_numeric_1               0x0800022f   Thumb Code     0  libinit2.o(.ARM.Collect$$libinit$$00000017)
    __rt_lib_init_lc_time_1                  0x0800022f   Thumb Code     0  libinit2.o(.ARM.Collect$$libinit$$00000019)
    __rt_lib_init_rand_1                     0x0800022f   Thumb Code     0  libinit2.o(.ARM.Collect$$libinit$$0000000E)
    __rt_lib_init_return                     0x0800022f   Thumb Code     0  libinit2.o(.ARM.Collect$$libinit$$00000033)
    __rt_lib_init_signal_1                   0x0800022f   Thumb Code     0  libinit2.o(.ARM.Collect$$libinit$$0000001D)
    __rt_lib_init_stdio_1                    0x0800022f   Thumb Code     0  libinit2.o(.ARM.Collect$$libinit$$00000025)
    __rt_lib_init_user_alloc_1               0x0800022f   Thumb Code     0  libinit2.o(.ARM.Collect$$libinit$$0000000C)
    __rt_lib_shutdown                        0x08000231   Thumb Code     0  libshutdown.o(.ARM.Collect$$libshutdown$$00000000)
    __rt_lib_shutdown_cpp_1                  0x08000233   Thumb Code     0  libshutdown2.o(.ARM.Collect$$libshutdown$$00000002)
    __rt_lib_shutdown_fp_trap_1              0x08000233   Thumb Code     0  libshutdown2.o(.ARM.Collect$$libshutdown$$00000007)
    __rt_lib_shutdown_heap_1                 0x08000233   Thumb Code     0  libshutdown2.o(.ARM.Collect$$libshutdown$$0000000F)
    __rt_lib_shutdown_return                 0x08000233   Thumb Code     0  libshutdown2.o(.ARM.Collect$$libshutdown$$00000010)
    __rt_lib_shutdown_signal_1               0x08000233   Thumb Code     0  libshutdown2.o(.ARM.Collect$$libshutdown$$0000000A)
    __rt_lib_shutdown_stdio_1                0x08000233   Thumb Code     0  libshutdown2.o(.ARM.Collect$$libshutdown$$00000004)
    __rt_lib_shutdown_user_alloc_1           0x08000233   Thumb Code     0  libshutdown2.o(.ARM.Collect$$libshutdown$$0000000C)
    __rt_entry                               0x08000235   Thumb Code     0  __rtentry.o(.ARM.Collect$$rtentry$$00000000)
    __rt_entry_presh_1                       0x08000235   Thumb Code     0  __rtentry2.o(.ARM.Collect$$rtentry$$00000002)
    __rt_entry_sh                            0x08000235   Thumb Code     0  __rtentry4.o(.ARM.Collect$$rtentry$$00000004)
    __rt_entry_li                            0x0800023b   Thumb Code     0  __rtentry2.o(.ARM.Collect$$rtentry$$0000000A)
    __rt_entry_postsh_1                      0x0800023b   Thumb Code     0  __rtentry2.o(.ARM.Collect$$rtentry$$00000009)
    __rt_entry_main                          0x0800023f   Thumb Code     0  __rtentry2.o(.ARM.Collect$$rtentry$$0000000D)
    __rt_entry_postli_1                      0x0800023f   Thumb Code     0  __rtentry2.o(.ARM.Collect$$rtentry$$0000000C)
    __rt_exit                                0x08000247   Thumb Code     0  rtexit.o(.ARM.Collect$$rtexit$$00000000)
    __rt_exit_ls                             0x08000249   Thumb Code     0  rtexit2.o(.ARM.Collect$$rtexit$$00000003)
    __rt_exit_prels_1                        0x08000249   Thumb Code     0  rtexit2.o(.ARM.Collect$$rtexit$$00000002)
    __rt_exit_exit                           0x0800024d   Thumb Code     0  rtexit2.o(.ARM.Collect$$rtexit$$00000004)
    Reset_Handler                            0x08000255   Thumb Code     8  startup_stm32f429_439xx.o(.text)
    _maybe_terminate_alloc                   0x08000255   Thumb Code     0  maybetermalloc1.o(.emb_text)
    ADC_IRQHandler                           0x0800026f   Thumb Code     0  startup_stm32f429_439xx.o(.text)
    CAN1_RX0_IRQHandler                      0x0800026f   Thumb Code     0  startup_stm32f429_439xx.o(.text)
    CAN1_RX1_IRQHandler                      0x0800026f   Thumb Code     0  startup_stm32f429_439xx.o(.text)
    CAN1_SCE_IRQHandler                      0x0800026f   Thumb Code     0  startup_stm32f429_439xx.o(.text)
    CAN1_TX_IRQHandler                       0x0800026f   Thumb Code     0  startup_stm32f429_439xx.o(.text)
    CAN2_RX0_IRQHandler                      0x0800026f   Thumb Code     0  startup_stm32f429_439xx.o(.text)
    CAN2_RX1_IRQHandler                      0x0800026f   Thumb Code     0  startup_stm32f429_439xx.o(.text)
    CAN2_SCE_IRQHandler                      0x0800026f   Thumb Code     0  startup_stm32f429_439xx.o(.text)
    CAN2_TX_IRQHandler                       0x0800026f   Thumb Code     0  startup_stm32f429_439xx.o(.text)
    CRYP_IRQHandler                          0x0800026f   Thumb Code     0  startup_stm32f429_439xx.o(.text)
    DCMI_IRQHandler                          0x0800026f   Thumb Code     0  startup_stm32f429_439xx.o(.text)
    DMA2D_IRQHandler                         0x0800026f   Thumb Code     0  startup_stm32f429_439xx.o(.text)
    ETH_IRQHandler                           0x0800026f   Thumb Code     0  startup_stm32f429_439xx.o(.text)
    ETH_WKUP_IRQHandler                      0x0800026f   Thumb Code     0  startup_stm32f429_439xx.o(.text)
    EXTI0_IRQHandler                         0x0800026f   Thumb Code     0  startup_stm32f429_439xx.o(.text)
    EXTI15_10_IRQHandler                     0x0800026f   Thumb Code     0  startup_stm32f429_439xx.o(.text)
    EXTI1_IRQHandler                         0x0800026f   Thumb Code     0  startup_stm32f429_439xx.o(.text)
    EXTI2_IRQHandler                         0x0800026f   Thumb Code     0  startup_stm32f429_439xx.o(.text)
    EXTI3_IRQHandler                         0x0800026f   Thumb Code     0  startup_stm32f429_439xx.o(.text)
    EXTI4_IRQHandler                         0x0800026f   Thumb Code     0  startup_stm32f429_439xx.o(.text)
    EXTI9_5_IRQHandler                       0x0800026f   Thumb Code     0  startup_stm32f429_439xx.o(.text)
    FLASH_IRQHandler                         0x0800026f   Thumb Code     0  startup_stm32f429_439xx.o(.text)
    FMC_IRQHandler                           0x0800026f   Thumb Code     0  startup_stm32f429_439xx.o(.text)
    FPU_IRQHandler                           0x0800026f   Thumb Code     0  startup_stm32f429_439xx.o(.text)
    HASH_RNG_IRQHandler                      0x0800026f   Thumb Code     0  startup_stm32f429_439xx.o(.text)
    I2C1_ER_IRQHandler                       0x0800026f   Thumb Code     0  startup_stm32f429_439xx.o(.text)
    I2C1_EV_IRQHandler                       0x0800026f   Thumb Code     0  startup_stm32f429_439xx.o(.text)
    I2C2_ER_IRQHandler                       0x0800026f   Thumb Code     0  startup_stm32f429_439xx.o(.text)
    I2C2_EV_IRQHandler                       0x0800026f   Thumb Code     0  startup_stm32f429_439xx.o(.text)
    I2C3_ER_IRQHandler                       0x0800026f   Thumb Code     0  startup_stm32f429_439xx.o(.text)
    I2C3_EV_IRQHandler                       0x0800026f   Thumb Code     0  startup_stm32f429_439xx.o(.text)
    LTDC_ER_IRQHandler                       0x0800026f   Thumb Code     0  startup_stm32f429_439xx.o(.text)
    LTDC_IRQHandler                          0x0800026f   Thumb Code     0  startup_stm32f429_439xx.o(.text)
    OTG_FS_IRQHandler                        0x0800026f   Thumb Code     0  startup_stm32f429_439xx.o(.text)
    OTG_FS_WKUP_IRQHandler                   0x0800026f   Thumb Code     0  startup_stm32f429_439xx.o(.text)
    OTG_HS_EP1_IN_IRQHandler                 0x0800026f   Thumb Code     0  startup_stm32f429_439xx.o(.text)
    OTG_HS_EP1_OUT_IRQHandler                0x0800026f   Thumb Code     0  startup_stm32f429_439xx.o(.text)
    OTG_HS_IRQHandler                        0x0800026f   Thumb Code     0  startup_stm32f429_439xx.o(.text)
    OTG_HS_WKUP_IRQHandler                   0x0800026f   Thumb Code     0  startup_stm32f429_439xx.o(.text)
    PVD_IRQHandler                           0x0800026f   Thumb Code     0  startup_stm32f429_439xx.o(.text)
    RCC_IRQHandler                           0x0800026f   Thumb Code     0  startup_stm32f429_439xx.o(.text)
    RTC_Alarm_IRQHandler                     0x0800026f   Thumb Code     0  startup_stm32f429_439xx.o(.text)
    RTC_WKUP_IRQHandler                      0x0800026f   Thumb Code     0  startup_stm32f429_439xx.o(.text)
    SAI1_IRQHandler                          0x0800026f   Thumb Code     0  startup_stm32f429_439xx.o(.text)
    SDIO_IRQHandler                          0x0800026f   Thumb Code     0  startup_stm32f429_439xx.o(.text)
    SPI1_IRQHandler                          0x0800026f   Thumb Code     0  startup_stm32f429_439xx.o(.text)
    SPI2_IRQHandler                          0x0800026f   Thumb Code     0  startup_stm32f429_439xx.o(.text)
    SPI3_IRQHandler                          0x0800026f   Thumb Code     0  startup_stm32f429_439xx.o(.text)
    SPI4_IRQHandler                          0x0800026f   Thumb Code     0  startup_stm32f429_439xx.o(.text)
    SPI5_IRQHandler                          0x0800026f   Thumb Code     0  startup_stm32f429_439xx.o(.text)
    SPI6_IRQHandler                          0x0800026f   Thumb Code     0  startup_stm32f429_439xx.o(.text)
    TAMP_STAMP_IRQHandler                    0x0800026f   Thumb Code     0  startup_stm32f429_439xx.o(.text)
    TIM1_BRK_TIM9_IRQHandler                 0x0800026f   Thumb Code     0  startup_stm32f429_439xx.o(.text)
    TIM1_CC_IRQHandler                       0x0800026f   Thumb Code     0  startup_stm32f429_439xx.o(.text)
    TIM1_TRG_COM_TIM11_IRQHandler            0x0800026f   Thumb Code     0  startup_stm32f429_439xx.o(.text)
    TIM1_UP_TIM10_IRQHandler                 0x0800026f   Thumb Code     0  startup_stm32f429_439xx.o(.text)
    TIM2_IRQHandler                          0x0800026f   Thumb Code     0  startup_stm32f429_439xx.o(.text)
    TIM3_IRQHandler                          0x0800026f   Thumb Code     0  startup_stm32f429_439xx.o(.text)
    TIM4_IRQHandler                          0x0800026f   Thumb Code     0  startup_stm32f429_439xx.o(.text)
    TIM5_IRQHandler                          0x0800026f   Thumb Code     0  startup_stm32f429_439xx.o(.text)
    TIM6_DAC_IRQHandler                      0x0800026f   Thumb Code     0  startup_stm32f429_439xx.o(.text)
    TIM7_IRQHandler                          0x0800026f   Thumb Code     0  startup_stm32f429_439xx.o(.text)
    TIM8_BRK_TIM12_IRQHandler                0x0800026f   Thumb Code     0  startup_stm32f429_439xx.o(.text)
    TIM8_CC_IRQHandler                       0x0800026f   Thumb Code     0  startup_stm32f429_439xx.o(.text)
    TIM8_TRG_COM_TIM14_IRQHandler            0x0800026f   Thumb Code     0  startup_stm32f429_439xx.o(.text)
    TIM8_UP_TIM13_IRQHandler                 0x0800026f   Thumb Code     0  startup_stm32f429_439xx.o(.text)
    UART4_IRQHandler                         0x0800026f   Thumb Code     0  startup_stm32f429_439xx.o(.text)
    UART5_IRQHandler                         0x0800026f   Thumb Code     0  startup_stm32f429_439xx.o(.text)
    UART7_IRQHandler                         0x0800026f   Thumb Code     0  startup_stm32f429_439xx.o(.text)
    UART8_IRQHandler                         0x0800026f   Thumb Code     0  startup_stm32f429_439xx.o(.text)
    USART1_IRQHandler                        0x0800026f   Thumb Code     0  startup_stm32f429_439xx.o(.text)
    USART2_IRQHandler                        0x0800026f   Thumb Code     0  startup_stm32f429_439xx.o(.text)
    USART3_IRQHandler                        0x0800026f   Thumb Code     0  startup_stm32f429_439xx.o(.text)
    USART6_IRQHandler                        0x0800026f   Thumb Code     0  startup_stm32f429_439xx.o(.text)
    WWDG_IRQHandler                          0x0800026f   Thumb Code     0  startup_stm32f429_439xx.o(.text)
    __user_initial_stackheap                 0x08000271   Thumb Code     0  startup_stm32f429_439xx.o(.text)
    NVIC_PriorityGroupConfig                 0x08000295   Thumb Code    10  misc.o(.text)
    NVIC_Init                                0x0800029f   Thumb Code    96  misc.o(.text)
    NVIC_SetVectorTable                      0x080002ff   Thumb Code    14  misc.o(.text)
    NVIC_SystemLPConfig                      0x0800030d   Thumb Code    20  misc.o(.text)
    SysTick_CLKSourceConfig                  0x08000321   Thumb Code    24  misc.o(.text)
    RCC_DeInit                               0x08000345   Thumb Code    68  stm32f4xx_rcc.o(.text)
    RCC_HSEConfig                            0x08000389   Thumb Code    12  stm32f4xx_rcc.o(.text)
    RCC_GetFlagStatus                        0x08000395   Thumb Code    46  stm32f4xx_rcc.o(.text)
    RCC_WaitForHSEStartUp                    0x080003c3   Thumb Code    44  stm32f4xx_rcc.o(.text)
    RCC_AdjustHSICalibrationValue            0x080003ef   Thumb Code    16  stm32f4xx_rcc.o(.text)
    RCC_HSICmd                               0x080003ff   Thumb Code     6  stm32f4xx_rcc.o(.text)
    RCC_LSEConfig                            0x08000405   Thumb Code    24  stm32f4xx_rcc.o(.text)
    RCC_LSICmd                               0x0800041d   Thumb Code     6  stm32f4xx_rcc.o(.text)
    RCC_PLLConfig                            0x08000423   Thumb Code    32  stm32f4xx_rcc.o(.text)
    RCC_PLLCmd                               0x08000443   Thumb Code     6  stm32f4xx_rcc.o(.text)
    RCC_PLLI2SConfig                         0x08000449   Thumb Code    18  stm32f4xx_rcc.o(.text)
    RCC_PLLI2SCmd                            0x0800045b   Thumb Code     6  stm32f4xx_rcc.o(.text)
    RCC_PLLSAIConfig                         0x08000461   Thumb Code    18  stm32f4xx_rcc.o(.text)
    RCC_PLLSAICmd                            0x08000473   Thumb Code     6  stm32f4xx_rcc.o(.text)
    RCC_ClockSecuritySystemCmd               0x08000479   Thumb Code     6  stm32f4xx_rcc.o(.text)
    RCC_MCO1Config                           0x0800047f   Thumb Code    18  stm32f4xx_rcc.o(.text)
    RCC_MCO2Config                           0x08000491   Thumb Code    18  stm32f4xx_rcc.o(.text)
    RCC_SYSCLKConfig                         0x080004a3   Thumb Code    16  stm32f4xx_rcc.o(.text)
    RCC_GetSYSCLKSource                      0x080004b3   Thumb Code    12  stm32f4xx_rcc.o(.text)
    RCC_HCLKConfig                           0x080004bf   Thumb Code    16  stm32f4xx_rcc.o(.text)
    RCC_PCLK1Config                          0x080004cf   Thumb Code    16  stm32f4xx_rcc.o(.text)
    RCC_PCLK2Config                          0x080004df   Thumb Code    18  stm32f4xx_rcc.o(.text)
    RCC_GetClocksFreq                        0x080004f1   Thumb Code   134  stm32f4xx_rcc.o(.text)
    RCC_RTCCLKConfig                         0x08000577   Thumb Code    42  stm32f4xx_rcc.o(.text)
    RCC_RTCCLKCmd                            0x080005a1   Thumb Code     8  stm32f4xx_rcc.o(.text)
    RCC_BackupResetCmd                       0x080005a9   Thumb Code     8  stm32f4xx_rcc.o(.text)
    RCC_I2SCLKConfig                         0x080005b1   Thumb Code     8  stm32f4xx_rcc.o(.text)
    RCC_SAIBlockACLKConfig                   0x080005b9   Thumb Code    16  stm32f4xx_rcc.o(.text)
    RCC_SAIBlockBCLKConfig                   0x080005c9   Thumb Code    16  stm32f4xx_rcc.o(.text)
    RCC_SAIPLLI2SClkDivConfig                0x080005d9   Thumb Code    18  stm32f4xx_rcc.o(.text)
    RCC_SAIPLLSAIClkDivConfig                0x080005eb   Thumb Code    24  stm32f4xx_rcc.o(.text)
    RCC_LTDCCLKDivConfig                     0x08000603   Thumb Code    16  stm32f4xx_rcc.o(.text)
    RCC_TIMCLKPresConfig                     0x08000613   Thumb Code     8  stm32f4xx_rcc.o(.text)
    RCC_AHB1PeriphClockCmd                   0x0800061b   Thumb Code    20  stm32f4xx_rcc.o(.text)
    RCC_AHB2PeriphClockCmd                   0x0800062f   Thumb Code    20  stm32f4xx_rcc.o(.text)
    RCC_AHB3PeriphClockCmd                   0x08000643   Thumb Code    20  stm32f4xx_rcc.o(.text)
    RCC_APB1PeriphClockCmd                   0x08000657   Thumb Code    20  stm32f4xx_rcc.o(.text)
    RCC_APB2PeriphClockCmd                   0x0800066b   Thumb Code    20  stm32f4xx_rcc.o(.text)
    RCC_AHB1PeriphResetCmd                   0x0800067f   Thumb Code    20  stm32f4xx_rcc.o(.text)
    RCC_AHB2PeriphResetCmd                   0x08000693   Thumb Code    20  stm32f4xx_rcc.o(.text)
    RCC_AHB3PeriphResetCmd                   0x080006a7   Thumb Code    20  stm32f4xx_rcc.o(.text)
    RCC_APB1PeriphResetCmd                   0x080006bb   Thumb Code    20  stm32f4xx_rcc.o(.text)
    RCC_APB2PeriphResetCmd                   0x080006cf   Thumb Code    20  stm32f4xx_rcc.o(.text)
    RCC_AHB1PeriphClockLPModeCmd             0x080006e3   Thumb Code    20  stm32f4xx_rcc.o(.text)
    RCC_AHB2PeriphClockLPModeCmd             0x080006f7   Thumb Code    20  stm32f4xx_rcc.o(.text)
    RCC_AHB3PeriphClockLPModeCmd             0x0800070b   Thumb Code    20  stm32f4xx_rcc.o(.text)
    RCC_APB1PeriphClockLPModeCmd             0x0800071f   Thumb Code    68  stm32f4xx_rcc.o(.text)
    RCC_APB2PeriphClockLPModeCmd             0x08000763   Thumb Code    18  stm32f4xx_rcc.o(.text)
    RCC_LSEModeConfig                        0x08000775   Thumb Code    24  stm32f4xx_rcc.o(.text)
    RCC_ITConfig                             0x0800078d   Thumb Code    20  stm32f4xx_rcc.o(.text)
    RCC_ClearFlag                            0x080007a1   Thumb Code    14  stm32f4xx_rcc.o(.text)
    RCC_GetITStatus                          0x080007af   Thumb Code    18  stm32f4xx_rcc.o(.text)
    RCC_ClearITPendingBit                    0x080007c1   Thumb Code     8  stm32f4xx_rcc.o(.text)
    GPIO_DeInit                              0x080007cd   Thumb Code   216  stm32f4xx_gpio.o(.text)
    GPIO_Init                                0x080008a5   Thumb Code   120  stm32f4xx_gpio.o(.text)
    GPIO_StructInit                          0x0800091d   Thumb Code    18  stm32f4xx_gpio.o(.text)
    GPIO_PinLockConfig                       0x0800092f   Thumb Code    24  stm32f4xx_gpio.o(.text)
    GPIO_ReadInputDataBit                    0x08000947   Thumb Code    14  stm32f4xx_gpio.o(.text)
    GPIO_ReadInputData                       0x08000955   Thumb Code     6  stm32f4xx_gpio.o(.text)
    GPIO_ReadOutputDataBit                   0x0800095b   Thumb Code    14  stm32f4xx_gpio.o(.text)
    GPIO_ReadOutputData                      0x08000969   Thumb Code     6  stm32f4xx_gpio.o(.text)
    GPIO_SetBits                             0x0800096f   Thumb Code     4  stm32f4xx_gpio.o(.text)
    GPIO_ResetBits                           0x08000973   Thumb Code     4  stm32f4xx_gpio.o(.text)
    GPIO_WriteBit                            0x08000977   Thumb Code    10  stm32f4xx_gpio.o(.text)
    GPIO_Write                               0x08000981   Thumb Code     4  stm32f4xx_gpio.o(.text)
    GPIO_ToggleBits                          0x08000985   Thumb Code     8  stm32f4xx_gpio.o(.text)
    GPIO_PinAFConfig                         0x0800098d   Thumb Code    32  stm32f4xx_gpio.o(.text)
    I2C_DeInit                               0x080009d9   Thumb Code    56  stm32f4xx_i2c.o(.text)
    I2C_Init                                 0x08000a11   Thumb Code   174  stm32f4xx_i2c.o(.text)
    I2C_StructInit                           0x08000abf   Thumb Code    28  stm32f4xx_i2c.o(.text)
    I2C_Cmd                                  0x08000adb   Thumb Code    20  stm32f4xx_i2c.o(.text)
    I2C_AnalogFilterCmd                      0x08000aef   Thumb Code    20  stm32f4xx_i2c.o(.text)
    I2C_DigitalFilterConfig                  0x08000b03   Thumb Code    16  stm32f4xx_i2c.o(.text)
    I2C_GenerateSTART                        0x08000b13   Thumb Code    20  stm32f4xx_i2c.o(.text)
    I2C_GenerateSTOP                         0x08000b27   Thumb Code    20  stm32f4xx_i2c.o(.text)
    I2C_Send7bitAddress                      0x08000b3b   Thumb Code    16  stm32f4xx_i2c.o(.text)
    I2C_AcknowledgeConfig                    0x08000b4b   Thumb Code    20  stm32f4xx_i2c.o(.text)
    I2C_OwnAddress2Config                    0x08000b5f   Thumb Code    16  stm32f4xx_i2c.o(.text)
    I2C_DualAddressCmd                       0x08000b6f   Thumb Code    20  stm32f4xx_i2c.o(.text)
    I2C_GeneralCallCmd                       0x08000b83   Thumb Code    20  stm32f4xx_i2c.o(.text)
    I2C_SoftwareResetCmd                     0x08000b97   Thumb Code    20  stm32f4xx_i2c.o(.text)
    I2C_StretchClockCmd                      0x08000bab   Thumb Code    20  stm32f4xx_i2c.o(.text)
    I2C_FastModeDutyCycleConfig              0x08000bbf   Thumb Code    22  stm32f4xx_i2c.o(.text)
    I2C_NACKPositionConfig                   0x08000bd5   Thumb Code    22  stm32f4xx_i2c.o(.text)
    I2C_SMBusAlertConfig                     0x08000beb   Thumb Code    22  stm32f4xx_i2c.o(.text)
    I2C_ARPCmd                               0x08000c01   Thumb Code    20  stm32f4xx_i2c.o(.text)
    I2C_SendData                             0x08000c15   Thumb Code     4  stm32f4xx_i2c.o(.text)
    I2C_ReceiveData                          0x08000c19   Thumb Code     6  stm32f4xx_i2c.o(.text)
    I2C_TransmitPEC                          0x08000c1f   Thumb Code    20  stm32f4xx_i2c.o(.text)
    I2C_PECPositionConfig                    0x08000c33   Thumb Code    22  stm32f4xx_i2c.o(.text)
    I2C_CalculatePEC                         0x08000c49   Thumb Code    20  stm32f4xx_i2c.o(.text)
    I2C_GetPEC                               0x08000c5d   Thumb Code     6  stm32f4xx_i2c.o(.text)
    I2C_DMACmd                               0x08000c63   Thumb Code    20  stm32f4xx_i2c.o(.text)
    I2C_DMALastTransferCmd                   0x08000c77   Thumb Code    20  stm32f4xx_i2c.o(.text)
    I2C_ReadRegister                         0x08000c8b   Thumb Code    10  stm32f4xx_i2c.o(.text)
    I2C_ITConfig                             0x08000c95   Thumb Code    16  stm32f4xx_i2c.o(.text)
    I2C_CheckEvent                           0x08000ca5   Thumb Code    24  stm32f4xx_i2c.o(.text)
    I2C_GetLastEvent                         0x08000cbd   Thumb Code    14  stm32f4xx_i2c.o(.text)
    I2C_GetFlagStatus                        0x08000ccb   Thumb Code    42  stm32f4xx_i2c.o(.text)
    I2C_ClearFlag                            0x08000cf5   Thumb Code     6  stm32f4xx_i2c.o(.text)
    I2C_GetITStatus                          0x08000cfb   Thumb Code    36  stm32f4xx_i2c.o(.text)
    I2C_ClearITPendingBit                    0x08000d1f   Thumb Code     6  stm32f4xx_i2c.o(.text)
    SPI_I2S_DeInit                           0x08000d39   Thumb Code   108  stm32f4xx_spi.o(.text)
    SPI_Init                                 0x08000da5   Thumb Code    56  stm32f4xx_spi.o(.text)
    I2S_Init                                 0x08000ddd   Thumb Code   198  stm32f4xx_spi.o(.text)
    SPI_StructInit                           0x08000ea3   Thumb Code    24  stm32f4xx_spi.o(.text)
    I2S_StructInit                           0x08000ebb   Thumb Code    18  stm32f4xx_spi.o(.text)
    SPI_Cmd                                  0x08000ecd   Thumb Code    20  stm32f4xx_spi.o(.text)
    I2S_Cmd                                  0x08000ee1   Thumb Code    20  stm32f4xx_spi.o(.text)
    SPI_DataSizeConfig                       0x08000ef5   Thumb Code    16  stm32f4xx_spi.o(.text)
    SPI_BiDirectionalLineConfig              0x08000f05   Thumb Code    22  stm32f4xx_spi.o(.text)
    SPI_NSSInternalSoftwareConfig            0x08000f1b   Thumb Code    24  stm32f4xx_spi.o(.text)
    SPI_SSOutputCmd                          0x08000f33   Thumb Code    20  stm32f4xx_spi.o(.text)
    SPI_TIModeCmd                            0x08000f47   Thumb Code    20  stm32f4xx_spi.o(.text)
    I2S_FullDuplexConfig                     0x08000f5b   Thumb Code    58  stm32f4xx_spi.o(.text)
    SPI_I2S_ReceiveData                      0x08000f95   Thumb Code     4  stm32f4xx_spi.o(.text)
    SPI_I2S_SendData                         0x08000f99   Thumb Code     4  stm32f4xx_spi.o(.text)
    SPI_CalculateCRC                         0x08000f9d   Thumb Code    20  stm32f4xx_spi.o(.text)
    SPI_TransmitCRC                          0x08000fb1   Thumb Code    10  stm32f4xx_spi.o(.text)
    SPI_GetCRC                               0x08000fbb   Thumb Code    12  stm32f4xx_spi.o(.text)
    SPI_GetCRCPolynomial                     0x08000fc7   Thumb Code     4  stm32f4xx_spi.o(.text)
    SPI_I2S_DMACmd                           0x08000fcb   Thumb Code    16  stm32f4xx_spi.o(.text)
    SPI_I2S_ITConfig                         0x08000fdb   Thumb Code    24  stm32f4xx_spi.o(.text)
    SPI_I2S_GetFlagStatus                    0x08000ff3   Thumb Code    14  stm32f4xx_spi.o(.text)
    SPI_I2S_ClearFlag                        0x08001001   Thumb Code     6  stm32f4xx_spi.o(.text)
    SPI_I2S_GetITStatus                      0x08001007   Thumb Code    44  stm32f4xx_spi.o(.text)
    SPI_I2S_ClearITPendingBit                0x08001033   Thumb Code    14  stm32f4xx_spi.o(.text)
    DMA_DeInit                               0x08001065   Thumb Code   272  stm32f4xx_dma.o(.text)
    DMA_Init                                 0x08001175   Thumb Code    80  stm32f4xx_dma.o(.text)
    DMA_StructInit                           0x080011c5   Thumb Code    34  stm32f4xx_dma.o(.text)
    DMA_Cmd                                  0x080011e7   Thumb Code    20  stm32f4xx_dma.o(.text)
    DMA_PeriphIncOffsetSizeConfig            0x080011fb   Thumb Code    20  stm32f4xx_dma.o(.text)
    DMA_FlowControllerConfig                 0x0800120f   Thumb Code    20  stm32f4xx_dma.o(.text)
    DMA_SetCurrDataCounter                   0x08001223   Thumb Code     4  stm32f4xx_dma.o(.text)
    DMA_GetCurrDataCounter                   0x08001227   Thumb Code     6  stm32f4xx_dma.o(.text)
    DMA_DoubleBufferModeConfig               0x0800122d   Thumb Code    22  stm32f4xx_dma.o(.text)
    DMA_DoubleBufferModeCmd                  0x08001243   Thumb Code    20  stm32f4xx_dma.o(.text)
    DMA_MemoryTargetConfig                   0x08001257   Thumb Code    10  stm32f4xx_dma.o(.text)
    DMA_GetCurrentMemoryTarget               0x08001261   Thumb Code    14  stm32f4xx_dma.o(.text)
    DMA_GetCmdStatus                         0x0800126f   Thumb Code    14  stm32f4xx_dma.o(.text)
    DMA_GetFIFOStatus                        0x0800127d   Thumb Code     8  stm32f4xx_dma.o(.text)
    DMA_GetFlagStatus                        0x08001285   Thumb Code    42  stm32f4xx_dma.o(.text)
    DMA_ClearFlag                            0x080012af   Thumb Code    34  stm32f4xx_dma.o(.text)
    DMA_ITConfig                             0x080012d1   Thumb Code    44  stm32f4xx_dma.o(.text)
    DMA_GetITStatus                          0x080012fd   Thumb Code    70  stm32f4xx_dma.o(.text)
    DMA_ClearITPendingBit                    0x08001343   Thumb Code    34  stm32f4xx_dma.o(.text)
    TimingDelay_Decrement                    0x08001385   Thumb Code    88  tm_stm32f4_delay.o(.text)
    TM_DELAY_Init                            0x080013dd   Thumb Code    60  tm_stm32f4_delay.o(.text)
    TM_DELAY_EnableDelayTimer                0x08001419   Thumb Code    22  tm_stm32f4_delay.o(.text)
    TM_DELAY_DisableDelayTimer               0x0800142f   Thumb Code    14  tm_stm32f4_delay.o(.text)
    TM_DELAY_TimerCreate                     0x0800143d   Thumb Code    68  tm_stm32f4_delay.o(.text)
    TM_DELAY_TimerDelete                     0x08001481   Thumb Code    86  tm_stm32f4_delay.o(.text)
    TM_DELAY_TimerStop                       0x080014d7   Thumb Code     6  tm_stm32f4_delay.o(.text)
    TM_DELAY_TimerStart                      0x080014dd   Thumb Code     6  tm_stm32f4_delay.o(.text)
    TM_DELAY_TimerReset                      0x080014e3   Thumb Code     6  tm_stm32f4_delay.o(.text)
    TM_DELAY_TimerAutoReload                 0x080014e9   Thumb Code     4  tm_stm32f4_delay.o(.text)
    TM_DELAY_TimerAutoReloadValue            0x080014ed   Thumb Code     4  tm_stm32f4_delay.o(.text)
    TM_STMPE811_Read                         0x08001505   Thumb Code    10  tm_stm32f4_stmpe811.o(.text)
    TM_STMPE811_Init                         0x0800150f   Thumb Code   320  tm_stm32f4_stmpe811.o(.text)
    TM_STMPE811_ReadY                        0x0800164f   Thumb Code    80  tm_stm32f4_stmpe811.o(.text)
    TM_STMPE811_ReadX                        0x0800169f   Thumb Code    94  tm_stm32f4_stmpe811.o(.text)
    TM_STMPE811_ReadTouch                    0x080016fd   Thumb Code   238  tm_stm32f4_stmpe811.o(.text)
    TM_SPI_InitCustomPinsCallback            0x08001825   Thumb Code     2  tm_stm32f4_spi.o(.text)
    TM_SPI6_INT_InitPins                     0x08001827   Thumb Code    42  tm_stm32f4_spi.o(.text)
    TM_SPI5_INT_InitPins                     0x08001851   Thumb Code    76  tm_stm32f4_spi.o(.text)
    TM_SPI4_INT_InitPins                     0x0800189d   Thumb Code    60  tm_stm32f4_spi.o(.text)
    TM_SPI3_INT_InitPins                     0x080018d9   Thumb Code    60  tm_stm32f4_spi.o(.text)
    TM_SPI2_INT_InitPins                     0x08001915   Thumb Code    90  tm_stm32f4_spi.o(.text)
    TM_SPI1_INT_InitPins                     0x0800196f   Thumb Code    58  tm_stm32f4_spi.o(.text)
    TM_SPI_Init                              0x08001acb   Thumb Code   136  tm_stm32f4_spi.o(.text)
    TM_SPI_InitWithMode                      0x08001b53   Thumb Code   134  tm_stm32f4_spi.o(.text)
    TM_SPI_InitFull                          0x08001bd9   Thumb Code   200  tm_stm32f4_spi.o(.text)
    TM_SPI_GetPrescalerFromMaxFrequency      0x08001ca1   Thumb Code    78  tm_stm32f4_spi.o(.text)
    TM_SPI_SetDataSize                       0x08001cef   Thumb Code    44  tm_stm32f4_spi.o(.text)
    TM_SPI_SendMulti                         0x08001d1b   Thumb Code    52  tm_stm32f4_spi.o(.text)
    TM_SPI_WriteMulti                        0x08001d4f   Thumb Code    50  tm_stm32f4_spi.o(.text)
    TM_SPI_ReadMulti                         0x08001d81   Thumb Code    50  tm_stm32f4_spi.o(.text)
    TM_SPI_SendMulti16                       0x08001db3   Thumb Code    56  tm_stm32f4_spi.o(.text)
    TM_SPI_WriteMulti16                      0x08001deb   Thumb Code    52  tm_stm32f4_spi.o(.text)
    TM_SPI_ReadMulti16                       0x08001e1f   Thumb Code    52  tm_stm32f4_spi.o(.text)
    TM_I2C_InitCustomPinsCallback            0x08001e65   Thumb Code     2  tm_stm32f4_i2c.o(.text)
    TM_I2C_Init                              0x08001e67   Thumb Code   390  tm_stm32f4_i2c.o(.text)
    TM_I2C_ReadNack                          0x08001fed   Thumb Code    64  tm_stm32f4_i2c.o(.text)
    TM_I2C_Start                             0x0800202d   Thumb Code   122  tm_stm32f4_i2c.o(.text)
    TM_I2C_Stop                              0x080020a7   Thumb Code    48  tm_stm32f4_i2c.o(.text)
    TM_I2C_WriteData                         0x080020d7   Thumb Code    28  tm_stm32f4_i2c.o(.text)
    TM_I2C_Read                              0x080020f3   Thumb Code    50  tm_stm32f4_i2c.o(.text)
    TM_I2C_ReadAck                           0x08002125   Thumb Code    56  tm_stm32f4_i2c.o(.text)
    TM_I2C_ReadMulti                         0x0800215d   Thumb Code    72  tm_stm32f4_i2c.o(.text)
    TM_I2C_ReadNoRegister                    0x080021a5   Thumb Code    20  tm_stm32f4_i2c.o(.text)
    TM_I2C_ReadMultiNoRegister               0x080021b9   Thumb Code    42  tm_stm32f4_i2c.o(.text)
    TM_I2C_Write                             0x080021e3   Thumb Code    40  tm_stm32f4_i2c.o(.text)
    TM_I2C_WriteMulti                        0x0800220b   Thumb Code    48  tm_stm32f4_i2c.o(.text)
    TM_I2C_WriteNoRegister                   0x0800223b   Thumb Code    74  tm_stm32f4_i2c.o(.text)
    TM_I2C_WriteMultiNoRegister              0x08002285   Thumb Code    42  tm_stm32f4_i2c.o(.text)
    TM_I2C_IsDeviceConnected                 0x080022af   Thumb Code    28  tm_stm32f4_i2c.o(.text)
    TM_ILI9341_SendCommand                   0x080022f7   Thumb Code    44  tm_stm32f4_ili9341.o(.text)
    TM_ILI9341_SendData                      0x08002323   Thumb Code    44  tm_stm32f4_ili9341.o(.text)
    TM_ILI9341_SetCursorPosition             0x0800234f   Thumb Code    74  tm_stm32f4_ili9341.o(.text)
    TM_ILI9341_INT_Fill                      0x08002399   Thumb Code   146  tm_stm32f4_ili9341.o(.text)
    TM_ILI9341_Fill                          0x0800242b   Thumb Code    26  tm_stm32f4_ili9341.o(.text)
    TM_ILI9341_Delay                         0x08002445   Thumb Code    16  tm_stm32f4_ili9341.o(.text)
    TM_ILI9341_InitLCD                       0x08002455   Thumb Code   620  tm_stm32f4_ili9341.o(.text)
    TM_ILI9341_Init                          0x080026c1   Thumb Code   142  tm_stm32f4_ili9341.o(.text)
    TM_ILI9341_DisplayOn                     0x0800274f   Thumb Code     4  tm_stm32f4_ili9341.o(.text)
    TM_ILI9341_DisplayOff                    0x08002753   Thumb Code     4  tm_stm32f4_ili9341.o(.text)
    TM_ILI9341_DrawPixel                     0x08002757   Thumb Code    34  tm_stm32f4_ili9341.o(.text)
    TM_ILI9341_Rotate                        0x08002779   Thumb Code    78  tm_stm32f4_ili9341.o(.text)
    TM_ILI9341_Putc                          0x080027c7   Thumb Code   152  tm_stm32f4_ili9341.o(.text)
    TM_ILI9341_Puts                          0x0800285f   Thumb Code    86  tm_stm32f4_ili9341.o(.text)
    TM_ILI9341_GetStringSize                 0x080028b5   Thumb Code    28  tm_stm32f4_ili9341.o(.text)
    TM_ILI9341_DrawLine                      0x080028d1   Thumb Code   218  tm_stm32f4_ili9341.o(.text)
    TM_ILI9341_DrawRectangle                 0x080029ab   Thumb Code    68  tm_stm32f4_ili9341.o(.text)
    TM_ILI9341_DrawFilledRectangle           0x080029ef   Thumb Code    44  tm_stm32f4_ili9341.o(.text)
    TM_ILI9341_DrawCircle                    0x08002a1b   Thumb Code   284  tm_stm32f4_ili9341.o(.text)
    TM_ILI9341_DrawFilledCircle              0x08002b37   Thumb Code   248  tm_stm32f4_ili9341.o(.text)
    TM_GPIO_GetPortSource                    0x08002c31   Thumb Code    10  tm_stm32f4_gpio.o(.text)
    TM_GPIO_INT_Init                         0x08002c3b   Thumb Code   130  tm_stm32f4_gpio.o(.text)
    TM_GPIO_INT_EnableClock                  0x08002cbd   Thumb Code    20  tm_stm32f4_gpio.o(.text)
    TM_GPIO_Init                             0x08002cd1   Thumb Code    34  tm_stm32f4_gpio.o(.text)
    TM_GPIO_InitAlternate                    0x08002cf3   Thumb Code    92  tm_stm32f4_gpio.o(.text)
    TM_GPIO_DeInit                           0x08002d4f   Thumb Code    66  tm_stm32f4_gpio.o(.text)
    TM_GPIO_SetPinAsInput                    0x08002d91   Thumb Code    38  tm_stm32f4_gpio.o(.text)
    TM_GPIO_SetPinAsOutput                   0x08002db7   Thumb Code    46  tm_stm32f4_gpio.o(.text)
    TM_GPIO_SetPinAsAnalog                   0x08002de5   Thumb Code    38  tm_stm32f4_gpio.o(.text)
    TM_GPIO_SetPinAsAlternate                0x08002e0b   Thumb Code    48  tm_stm32f4_gpio.o(.text)
    TM_GPIO_SetPullResistor                  0x08002e3b   Thumb Code    46  tm_stm32f4_gpio.o(.text)
    TM_GPIO_Lock                             0x08002e69   Thumb Code    16  tm_stm32f4_gpio.o(.text)
    TM_GPIO_GetPinSource                     0x08002e79   Thumb Code    18  tm_stm32f4_gpio.o(.text)
    TM_GPIO_INT_DisableClock                 0x08002e8b   Thumb Code    20  tm_stm32f4_gpio.o(.text)
    TM_GPIO_GetUsedPins                      0x08002e9f   Thumb Code    14  tm_stm32f4_gpio.o(.text)
    TM_GPIO_GetFreePins                      0x08002ead   Thumb Code    18  tm_stm32f4_gpio.o(.text)
    TM_SPI_DMA_Init                          0x08002f0b   Thumb Code    74  tm_stm32f4_spi_dma.o(.text)
    TM_SPI_DMA_InitWithStreamAndChannel      0x08002f55   Thumb Code    30  tm_stm32f4_spi_dma.o(.text)
    TM_SPI_DMA_Deinit                        0x08002f73   Thumb Code    24  tm_stm32f4_spi_dma.o(.text)
    TM_SPI_DMA_Transmit                      0x08002f8b   Thumb Code   210  tm_stm32f4_spi_dma.o(.text)
    TM_SPI_DMA_SendByte                      0x0800305d   Thumb Code    94  tm_stm32f4_spi_dma.o(.text)
    TM_SPI_DMA_SendHalfWord                  0x080030bb   Thumb Code   102  tm_stm32f4_spi_dma.o(.text)
    TM_SPI_DMA_Working                       0x08003121   Thumb Code    40  tm_stm32f4_spi_dma.o(.text)
    TM_SPI_DMA_GetStreamTX                   0x08003149   Thumb Code    10  tm_stm32f4_spi_dma.o(.text)
    TM_SPI_DMA_GetStreamRX                   0x08003153   Thumb Code    10  tm_stm32f4_spi_dma.o(.text)
    TM_SPI_DMA_EnableInterrupts              0x0800315d   Thumb Code    24  tm_stm32f4_spi_dma.o(.text)
    TM_SPI_DMA_DisableInterrupts             0x08003175   Thumb Code    24  tm_stm32f4_spi_dma.o(.text)
    TM_DMA_ClearFlag                         0x080031b5   Thumb Code    52  tm_stm32f4_dma.o(.text)
    TM_DMA_ClearFlags                        0x080031e9   Thumb Code     4  tm_stm32f4_dma.o(.text)
    TM_DMA_GetFlags                          0x080031ed   Thumb Code    52  tm_stm32f4_dma.o(.text)
    TM_DMA_EnableInterrupts                  0x08003221   Thumb Code    94  tm_stm32f4_dma.o(.text)
    TM_DMA_DisableInterrupts                 0x0800327f   Thumb Code    76  tm_stm32f4_dma.o(.text)
    TM_DMA_TransferCompleteHandler           0x080032cb   Thumb Code     2  tm_stm32f4_dma.o(.text)
    TM_DMA_HalfTransferCompleteHandler       0x080032cd   Thumb Code     2  tm_stm32f4_dma.o(.text)
    TM_DMA_TransferErrorHandler              0x080032cf   Thumb Code     2  tm_stm32f4_dma.o(.text)
    TM_DMA_DirectModeErrorHandler            0x080032d1   Thumb Code     2  tm_stm32f4_dma.o(.text)
    TM_DMA_FIFOErrorHandler                  0x080032d3   Thumb Code     2  tm_stm32f4_dma.o(.text)
    DMA1_Stream0_IRQHandler                  0x0800333b   Thumb Code     6  tm_stm32f4_dma.o(.text)
    DMA1_Stream1_IRQHandler                  0x08003341   Thumb Code     6  tm_stm32f4_dma.o(.text)
    DMA1_Stream2_IRQHandler                  0x08003347   Thumb Code     6  tm_stm32f4_dma.o(.text)
    DMA1_Stream3_IRQHandler                  0x0800334d   Thumb Code     6  tm_stm32f4_dma.o(.text)
    DMA1_Stream4_IRQHandler                  0x08003353   Thumb Code     6  tm_stm32f4_dma.o(.text)
    DMA1_Stream5_IRQHandler                  0x08003359   Thumb Code     6  tm_stm32f4_dma.o(.text)
    DMA1_Stream6_IRQHandler                  0x0800335f   Thumb Code     6  tm_stm32f4_dma.o(.text)
    DMA1_Stream7_IRQHandler                  0x08003365   Thumb Code     6  tm_stm32f4_dma.o(.text)
    DMA2_Stream0_IRQHandler                  0x0800336b   Thumb Code     4  tm_stm32f4_dma.o(.text)
    DMA2_Stream1_IRQHandler                  0x0800336f   Thumb Code     6  tm_stm32f4_dma.o(.text)
    DMA2_Stream2_IRQHandler                  0x08003375   Thumb Code     6  tm_stm32f4_dma.o(.text)
    DMA2_Stream3_IRQHandler                  0x0800337b   Thumb Code     6  tm_stm32f4_dma.o(.text)
    DMA2_Stream4_IRQHandler                  0x08003381   Thumb Code     6  tm_stm32f4_dma.o(.text)
    DMA2_Stream5_IRQHandler                  0x08003387   Thumb Code     6  tm_stm32f4_dma.o(.text)
    DMA2_Stream6_IRQHandler                  0x0800338d   Thumb Code     6  tm_stm32f4_dma.o(.text)
    DMA2_Stream7_IRQHandler                  0x08003393   Thumb Code     6  tm_stm32f4_dma.o(.text)
    draw_c                                   0x080033a9   Thumb Code    18  main.o(.text)
    draw_x                                   0x080033bb   Thumb Code    96  main.o(.text)
    draw_layout                              0x0800341b   Thumb Code   128  main.o(.text)
    check                                    0x0800349b   Thumb Code   678  main.o(.text)
    main                                     0x08003741   Thumb Code  1142  main.o(.text)
    NMI_Handler                              0x08003be5   Thumb Code     2  stm32f4xx_it.o(.text)
    HardFault_Handler                        0x08003be7   Thumb Code     2  stm32f4xx_it.o(.text)
    MemManage_Handler                        0x08003be9   Thumb Code     2  stm32f4xx_it.o(.text)
    BusFault_Handler                         0x08003beb   Thumb Code     2  stm32f4xx_it.o(.text)
    UsageFault_Handler                       0x08003bed   Thumb Code     2  stm32f4xx_it.o(.text)
    SVC_Handler                              0x08003bef   Thumb Code     2  stm32f4xx_it.o(.text)
    DebugMon_Handler                         0x08003bf1   Thumb Code     2  stm32f4xx_it.o(.text)
    PendSV_Handler                           0x08003bf3   Thumb Code     2  stm32f4xx_it.o(.text)
    SysTick_Handler                          0x08003bf7   Thumb Code     8  stm32f4xx_it.o(.text)
    SystemInit                               0x08003cbf   Thumb Code    74  system_stm32f4xx.o(.text)
    SystemCoreClockUpdate                    0x08003d09   Thumb Code   108  system_stm32f4xx.o(.text)
    malloc                                   0x08003d9d   Thumb Code    94  h1_alloc.o(.text)
    free                                     0x08003dfb   Thumb Code    78  h1_free.o(.text)
    __2sprintf                               0x08003e49   Thumb Code    34  noretval__2sprintf.o(.text)
    __use_two_region_memory                  0x08003e71   Thumb Code     2  heapauxi.o(.text)
    __rt_heap_escrow                         0x08003e73   Thumb Code     2  heapauxi.o(.text)
    __rt_heap_expand                         0x08003e75   Thumb Code     2  heapauxi.o(.text)
    __rt_heap_descriptor                     0x08003e79   Thumb Code     8  rt_heap_descriptor_intlibspace.o(.text)
    __use_no_heap                            0x08003e81   Thumb Code     2  hguard.o(.text)
    __heap$guard                             0x08003e83   Thumb Code     2  hguard.o(.text)
    _terminate_user_alloc                    0x08003e85   Thumb Code     2  init_alloc.o(.text)
    _init_user_alloc                         0x08003e87   Thumb Code     2  init_alloc.o(.text)
    __Heap_Full                              0x08003e89   Thumb Code    34  init_alloc.o(.text)
    __Heap_Broken                            0x08003eab   Thumb Code     6  init_alloc.o(.text)
    _init_alloc                              0x08003eb1   Thumb Code    94  init_alloc.o(.text)
    __Heap_Initialize                        0x08003f0f   Thumb Code    10  h1_init.o(.text)
    __Heap_DescSize                          0x08003f19   Thumb Code     4  h1_init.o(.text)
    _printf_char_common                      0x08003f27   Thumb Code    32  _printf_char_common.o(.text)
    _sputc                                   0x08003f4d   Thumb Code    10  _sputc.o(.text)
    __user_libspace                          0x08003f59   Thumb Code     8  libspace.o(.text)
    __user_perproc_libspace                  0x08003f59   Thumb Code     0  libspace.o(.text)
    __user_perthread_libspace                0x08003f59   Thumb Code     0  libspace.o(.text)
    __Heap_ProvideMemory                     0x08003f61   Thumb Code    52  h1_extend.o(.text)
    __printf                                 0x08003f95   Thumb Code    40  __printf_nopercent.o(.text)
    __rt_SIGRTMEM                            0x08003fbd   Thumb Code    14  defsig_rtmem_outer.o(.text)
    __I$use$semihosting                      0x08003fcb   Thumb Code     0  use_no_semi.o(.text)
    __use_no_semihosting_swi                 0x08003fcb   Thumb Code     2  use_no_semi.o(.text)
    __semihosting_library_function           0x08003fcd   Thumb Code     0  indicate_semi.o(.text)
    __user_setup_stackheap                   0x08003fcd   Thumb Code    74  sys_stackheap_outer.o(.text)
    exit                                     0x08004017   Thumb Code    18  exit.o(.text)
    __sig_exit                               0x08004029   Thumb Code    10  defsig_exit.o(.text)
    __rt_SIGRTMEM_inner                      0x08004035   Thumb Code    22  defsig_rtmem_inner.o(.text)
    _sys_exit                                0x08004085   Thumb Code     8  sys_exit.o(.text)
    __default_signal_display                 0x08004091   Thumb Code    50  defsig_general.o(.text)
    _ttywrch                                 0x080040c3   Thumb Code    14  sys_wrch.o(.text)
    __aeabi_dadd                             0x080040d1   Thumb Code     0  daddsub_clz.o(x$fpl$dadd)
    _dadd                                    0x080040d1   Thumb Code   332  daddsub_clz.o(x$fpl$dadd)
    __aeabi_d2uiz                            0x08004221   Thumb Code     0  dfixu.o(x$fpl$dfixu)
    _dfixu                                   0x08004221   Thumb Code    90  dfixu.o(x$fpl$dfixu)
    __aeabi_i2d                              0x0800427b   Thumb Code     0  dflt_clz.o(x$fpl$dflt)
    _dflt                                    0x0800427b   Thumb Code    46  dflt_clz.o(x$fpl$dflt)
    __aeabi_dmul                             0x080042a9   Thumb Code     0  dmul.o(x$fpl$dmul)
    _dmul                                    0x080042a9   Thumb Code   332  dmul.o(x$fpl$dmul)
    __fpl_dnaninf                            0x080043fd   Thumb Code   156  dnaninf.o(x$fpl$dnaninf)
    __fpl_dretinf                            0x08004499   Thumb Code    12  dretinf.o(x$fpl$dretinf)
    __aeabi_drsub                            0x080044a5   Thumb Code     0  daddsub_clz.o(x$fpl$drsb)
    _drsb                                    0x080044a5   Thumb Code    22  daddsub_clz.o(x$fpl$drsb)
    __aeabi_dsub                             0x080044bd   Thumb Code     0  daddsub_clz.o(x$fpl$dsub)
    _dsub                                    0x080044bd   Thumb Code   464  daddsub_clz.o(x$fpl$dsub)
    _fp_init                                 0x08004691   Thumb Code    10  fpinit.o(x$fpl$fpinit)
    __fplib_config_fpu_vfp                   0x08004699   Thumb Code     0  fpinit.o(x$fpl$fpinit)
    __fplib_config_pureend_doubles           0x08004699   Thumb Code     0  fpinit.o(x$fpl$fpinit)
    TM_Font7x10                              0x0800469a   Data        1900  tm_stm32f4_fonts.o(.constdata)
    __I$use$fp                               0x0800469a   Number         0  usenofp.o(x$fpl$usenofp)
    TM_Font11x18                             0x08004e06   Data        3420  tm_stm32f4_fonts.o(.constdata)
    TM_Font16x26                             0x08005b62   Data        4940  tm_stm32f4_fonts.o(.constdata)
    Region$$Table$$Base                      0x08006ec4   Number         0  anon$$obj.o(Region$$Table)
    Region$$Table$$Limit                     0x08006ee4   Number         0  anon$$obj.o(Region$$Table)
    TM_DELAY_Initialized                     0x20000010   Data           1  tm_stm32f4_delay.o(.data)
    TM_Time                                  0x20000014   Data           4  tm_stm32f4_delay.o(.data)
    TM_Time2                                 0x20000018   Data           4  tm_stm32f4_delay.o(.data)
    mult                                     0x2000001c   Data           4  tm_stm32f4_delay.o(.data)
    TM_Font_7x10                             0x20000020   Data           8  tm_stm32f4_fonts.o(.data)
    TM_Font_11x18                            0x20000028   Data           8  tm_stm32f4_fonts.o(.data)
    TM_Font_16x26                            0x20000030   Data           8  tm_stm32f4_fonts.o(.data)
    ILI9341_x                                0x20000048   Data           2  tm_stm32f4_ili9341.o(.data)
    ILI9341_y                                0x2000004a   Data           2  tm_stm32f4_ili9341.o(.data)
    ILI9341_Opts                             0x2000004c   Data           6  tm_stm32f4_ili9341.o(.data)
    SystemCoreClock                          0x200000e4   Data           4  system_stm32f4xx.o(.data)
    AHBPrescTable                            0x200000e8   Data          16  system_stm32f4xx.o(.data)
    __libspace_start                         0x20000164   Data          96  libspace.o(.bss)
    __temporary_stack_top$libspace           0x200001c4   Data           0  libspace.o(.bss)



==============================================================================

Memory Map of the image

  Image Entry point : 0x080001ad

  Load Region LR_IROM1 (Base: 0x08000000, Size: 0x00006fdc, Max: 0x00200000, ABSOLUTE)

    Execution Region ER_IROM1 (Base: 0x08000000, Size: 0x00006ee4, Max: 0x00200000, ABSOLUTE)

    Base Addr    Size         Type   Attr      Idx    E Section Name        Object

    0x08000000   0x000001ac   Data   RO            3    RESET               startup_stm32f429_439xx.o
    0x080001ac   0x00000008   Code   RO          752  * !!!main             c_w.l(__main.o)
    0x080001b4   0x00000034   Code   RO          984    !!!scatter          c_w.l(__scatter.o)
    0x080001e8   0x0000001a   Code   RO          986    !!handler_copy      c_w.l(__scatter_copy.o)
    0x08000202   0x00000002   PAD
    0x08000204   0x0000001c   Code   RO          988    !!handler_zi        c_w.l(__scatter_zi.o)
    0x08000220   0x00000002   Code   RO          923    .ARM.Collect$$libinit$$00000000  c_w.l(libinit.o)
    0x08000222   0x00000004   Code   RO          808    .ARM.Collect$$libinit$$00000001  c_w.l(libinit2.o)
    0x08000226   0x00000000   Code   RO          811    .ARM.Collect$$libinit$$00000004  c_w.l(libinit2.o)
    0x08000226   0x00000008   Code   RO          812    .ARM.Collect$$libinit$$00000005  c_w.l(libinit2.o)
    0x0800022e   0x00000000   Code   RO          814    .ARM.Collect$$libinit$$0000000A  c_w.l(libinit2.o)
    0x0800022e   0x00000000   Code   RO          816    .ARM.Collect$$libinit$$0000000C  c_w.l(libinit2.o)
    0x0800022e   0x00000000   Code   RO          818    .ARM.Collect$$libinit$$0000000E  c_w.l(libinit2.o)
    0x0800022e   0x00000000   Code   RO          821    .ARM.Collect$$libinit$$00000011  c_w.l(libinit2.o)
    0x0800022e   0x00000000   Code   RO          823    .ARM.Collect$$libinit$$00000013  c_w.l(libinit2.o)
    0x0800022e   0x00000000   Code   RO          825    .ARM.Collect$$libinit$$00000015  c_w.l(libinit2.o)
    0x0800022e   0x00000000   Code   RO          827    .ARM.Collect$$libinit$$00000017  c_w.l(libinit2.o)
    0x0800022e   0x00000000   Code   RO          829    .ARM.Collect$$libinit$$00000019  c_w.l(libinit2.o)
    0x0800022e   0x00000000   Code   RO          831    .ARM.Collect$$libinit$$0000001B  c_w.l(libinit2.o)
    0x0800022e   0x00000000   Code   RO          833    .ARM.Collect$$libinit$$0000001D  c_w.l(libinit2.o)
    0x0800022e   0x00000000   Code   RO          835    .ARM.Collect$$libinit$$0000001F  c_w.l(libinit2.o)
    0x0800022e   0x00000000   Code   RO          837    .ARM.Collect$$libinit$$00000021  c_w.l(libinit2.o)
    0x0800022e   0x00000000   Code   RO          839    .ARM.Collect$$libinit$$00000023  c_w.l(libinit2.o)
    0x0800022e   0x00000000   Code   RO          841    .ARM.Collect$$libinit$$00000025  c_w.l(libinit2.o)
    0x0800022e   0x00000000   Code   RO          845    .ARM.Collect$$libinit$$0000002C  c_w.l(libinit2.o)
    0x0800022e   0x00000000   Code   RO          847    .ARM.Collect$$libinit$$0000002E  c_w.l(libinit2.o)
    0x0800022e   0x00000000   Code   RO          849    .ARM.Collect$$libinit$$00000030  c_w.l(libinit2.o)
    0x0800022e   0x00000000   Code   RO          851    .ARM.Collect$$libinit$$00000032  c_w.l(libinit2.o)
    0x0800022e   0x00000002   Code   RO          852    .ARM.Collect$$libinit$$00000033  c_w.l(libinit2.o)
    0x08000230   0x00000002   Code   RO          981    .ARM.Collect$$libshutdown$$00000000  c_w.l(libshutdown.o)
    0x08000232   0x00000000   Code   RO          937    .ARM.Collect$$libshutdown$$00000002  c_w.l(libshutdown2.o)
    0x08000232   0x00000000   Code   RO          939    .ARM.Collect$$libshutdown$$00000004  c_w.l(libshutdown2.o)
    0x08000232   0x00000000   Code   RO          942    .ARM.Collect$$libshutdown$$00000007  c_w.l(libshutdown2.o)
    0x08000232   0x00000000   Code   RO          945    .ARM.Collect$$libshutdown$$0000000A  c_w.l(libshutdown2.o)
    0x08000232   0x00000000   Code   RO          947    .ARM.Collect$$libshutdown$$0000000C  c_w.l(libshutdown2.o)
    0x08000232   0x00000000   Code   RO          950    .ARM.Collect$$libshutdown$$0000000F  c_w.l(libshutdown2.o)
    0x08000232   0x00000002   Code   RO          951    .ARM.Collect$$libshutdown$$00000010  c_w.l(libshutdown2.o)
    0x08000234   0x00000000   Code   RO          774    .ARM.Collect$$rtentry$$00000000  c_w.l(__rtentry.o)
    0x08000234   0x00000000   Code   RO          864    .ARM.Collect$$rtentry$$00000002  c_w.l(__rtentry2.o)
    0x08000234   0x00000006   Code   RO          876    .ARM.Collect$$rtentry$$00000004  c_w.l(__rtentry4.o)
    0x0800023a   0x00000000   Code   RO          866    .ARM.Collect$$rtentry$$00000009  c_w.l(__rtentry2.o)
    0x0800023a   0x00000004   Code   RO          867    .ARM.Collect$$rtentry$$0000000A  c_w.l(__rtentry2.o)
    0x0800023e   0x00000000   Code   RO          869    .ARM.Collect$$rtentry$$0000000C  c_w.l(__rtentry2.o)
    0x0800023e   0x00000008   Code   RO          870    .ARM.Collect$$rtentry$$0000000D  c_w.l(__rtentry2.o)
    0x08000246   0x00000002   Code   RO          926    .ARM.Collect$$rtexit$$00000000  c_w.l(rtexit.o)
    0x08000248   0x00000000   Code   RO          955    .ARM.Collect$$rtexit$$00000002  c_w.l(rtexit2.o)
    0x08000248   0x00000004   Code   RO          956    .ARM.Collect$$rtexit$$00000003  c_w.l(rtexit2.o)
    0x0800024c   0x00000006   Code   RO          957    .ARM.Collect$$rtexit$$00000004  c_w.l(rtexit2.o)
    0x08000252   0x00000002   PAD
    0x08000254   0x00000000   Code   RO          880    .emb_text           c_w.l(maybetermalloc1.o)
    0x08000254   0x00000040   Code   RO            4    .text               startup_stm32f429_439xx.o
    0x08000294   0x000000b0   Code   RO           13    .text               misc.o
    0x08000344   0x00000488   Code   RO          151    .text               stm32f4xx_rcc.o
    0x080007cc   0x0000020c   Code   RO          177    .text               stm32f4xx_gpio.o
    0x080009d8   0x00000360   Code   RO          201    .text               stm32f4xx_i2c.o
    0x08000d38   0x0000032c   Code   RO          225    .text               stm32f4xx_spi.o
    0x08001064   0x00000320   Code   RO          249    .text               stm32f4xx_dma.o
    0x08001384   0x00000180   Code   RO          273    .text               tm_stm32f4_delay.o
    0x08001504   0x00000320   Code   RO          359    .text               tm_stm32f4_stmpe811.o
    0x08001824   0x00000640   Code   RO          400    .text               tm_stm32f4_spi.o
    0x08001e64   0x00000466   Code   RO          428    .text               tm_stm32f4_i2c.o
    0x080022ca   0x00000002   PAD
    0x080022cc   0x00000962   Code   RO          455    .text               tm_stm32f4_ili9341.o
    0x08002c2e   0x00000002   PAD
    0x08002c30   0x0000029c   Code   RO          503    .text               tm_stm32f4_gpio.o
    0x08002ecc   0x000002e8   Code   RO          530    .text               tm_stm32f4_spi_dma.o
    0x080031b4   0x000001f4   Code   RO          557    .text               tm_stm32f4_dma.o
    0x080033a8   0x0000083c   Code   RO          587    .text               main.o
    0x08003be4   0x0000001a   Code   RO          626    .text               stm32f4xx_it.o
    0x08003bfe   0x00000002   PAD
    0x08003c00   0x0000019c   Code   RO          653    .text               system_stm32f4xx.o
    0x08003d9c   0x0000005e   Code   RO          686    .text               c_w.l(h1_alloc.o)
    0x08003dfa   0x0000004e   Code   RO          688    .text               c_w.l(h1_free.o)
    0x08003e48   0x00000028   Code   RO          746    .text               c_w.l(noretval__2sprintf.o)
    0x08003e70   0x00000006   Code   RO          750    .text               c_w.l(heapauxi.o)
    0x08003e76   0x00000002   PAD
    0x08003e78   0x00000008   Code   RO          778    .text               c_w.l(rt_heap_descriptor_intlibspace.o)
    0x08003e80   0x00000004   Code   RO          780    .text               c_w.l(hguard.o)
    0x08003e84   0x0000008a   Code   RO          782    .text               c_w.l(init_alloc.o)
    0x08003f0e   0x0000000e   Code   RO          786    .text               c_w.l(h1_init.o)
    0x08003f1c   0x00000030   Code   RO          800    .text               c_w.l(_printf_char_common.o)
    0x08003f4c   0x0000000a   Code   RO          802    .text               c_w.l(_sputc.o)
    0x08003f56   0x00000002   PAD
    0x08003f58   0x00000008   Code   RO          860    .text               c_w.l(libspace.o)
    0x08003f60   0x00000034   Code   RO          882    .text               c_w.l(h1_extend.o)
    0x08003f94   0x00000028   Code   RO          886    .text               c_w.l(__printf_nopercent.o)
    0x08003fbc   0x0000000e   Code   RO          888    .text               c_w.l(defsig_rtmem_outer.o)
    0x08003fca   0x00000002   Code   RO          899    .text               c_w.l(use_no_semi.o)
    0x08003fcc   0x00000000   Code   RO          901    .text               c_w.l(indicate_semi.o)
    0x08003fcc   0x0000004a   Code   RO          902    .text               c_w.l(sys_stackheap_outer.o)
    0x08004016   0x00000012   Code   RO          908    .text               c_w.l(exit.o)
    0x08004028   0x0000000a   Code   RO          910    .text               c_w.l(defsig_exit.o)
    0x08004032   0x00000002   PAD
    0x08004034   0x00000050   Code   RO          912    .text               c_w.l(defsig_rtmem_inner.o)
    0x08004084   0x0000000c   Code   RO          924    .text               c_w.l(sys_exit.o)
    0x08004090   0x00000032   Code   RO          934    .text               c_w.l(defsig_general.o)
    0x080040c2   0x0000000e   Code   RO          952    .text               c_w.l(sys_wrch.o)
    0x080040d0   0x00000150   Code   RO          754    x$fpl$dadd          fz_wm.l(daddsub_clz.o)
    0x08004220   0x0000005a   Code   RO          760    x$fpl$dfixu         fz_wm.l(dfixu.o)
    0x0800427a   0x0000002e   Code   RO          765    x$fpl$dflt          fz_wm.l(dflt_clz.o)
    0x080042a8   0x00000154   Code   RO          770    x$fpl$dmul          fz_wm.l(dmul.o)
    0x080043fc   0x0000009c   Code   RO          853    x$fpl$dnaninf       fz_wm.l(dnaninf.o)
    0x08004498   0x0000000c   Code   RO          855    x$fpl$dretinf       fz_wm.l(dretinf.o)
    0x080044a4   0x00000016   Code   RO          755    x$fpl$drsb          fz_wm.l(daddsub_clz.o)
    0x080044ba   0x00000002   PAD
    0x080044bc   0x000001d4   Code   RO          756    x$fpl$dsub          fz_wm.l(daddsub_clz.o)
    0x08004690   0x0000000a   Code   RO          897    x$fpl$fpinit        fz_wm.l(fpinit.o)
    0x0800469a   0x00000000   Code   RO          857    x$fpl$usenofp       fz_wm.l(usenofp.o)
    0x0800469a   0x0000076c   Data   RO          322    .constdata          tm_stm32f4_fonts.o
    0x08004e06   0x00000d5c   Data   RO          323    .constdata          tm_stm32f4_fonts.o
    0x08005b62   0x0000134c   Data   RO          324    .constdata          tm_stm32f4_fonts.o
    0x08006eae   0x00000014   Data   RO          558    .constdata          tm_stm32f4_dma.o
    0x08006ec2   0x00000002   PAD
    0x08006ec4   0x00000020   Data   RO          982    Region$$Table       anon$$obj.o


    Execution Region RW_IRAM1 (Base: 0x20000000, Size: 0x000007c8, Max: 0x00030000, ABSOLUTE)

    Base Addr    Size         Type   Attr      Idx    E Section Name        Object

    0x20000000   0x00000010   Data   RW          152    .data               stm32f4xx_rcc.o
    0x20000010   0x00000010   Data   RW          276    .data               tm_stm32f4_delay.o
    0x20000020   0x00000008   Data   RW          325    .data               tm_stm32f4_fonts.o
    0x20000028   0x00000008   Data   RW          326    .data               tm_stm32f4_fonts.o
    0x20000030   0x00000008   Data   RW          327    .data               tm_stm32f4_fonts.o
    0x20000038   0x00000010   Data   RW          429    .data               tm_stm32f4_i2c.o
    0x20000048   0x0000000a   Data   RW          457    .data               tm_stm32f4_ili9341.o
    0x20000052   0x00000002   PAD
    0x20000054   0x00000090   Data   RW          532    .data               tm_stm32f4_spi_dma.o
    0x200000e4   0x00000014   Data   RW          654    .data               system_stm32f4xx.o
    0x200000f8   0x00000018   Zero   RW          274    .bss                tm_stm32f4_delay.o
    0x20000110   0x00000016   Zero   RW          504    .bss                tm_stm32f4_gpio.o
    0x20000126   0x00000002   PAD
    0x20000128   0x0000003c   Zero   RW          531    .bss                tm_stm32f4_spi_dma.o
    0x20000164   0x00000060   Zero   RW          861    .bss                c_w.l(libspace.o)
    0x200001c4   0x00000004   PAD
    0x200001c8   0x00000200   Zero   RW            2    HEAP                startup_stm32f429_439xx.o
    0x200003c8   0x00000400   Zero   RW            1    STACK               startup_stm32f429_439xx.o


==============================================================================

Image component sizes


      Code (inc. data)   RO Data    RW Data    ZI Data      Debug   Object Name

      2108        134          0          0          0       5057   main.o
       176         12          0          0          0     303729   misc.o
        64         26        428          0       1536       1048   startup_stm32f429_439xx.o
       800         32          0          0          0       7329   stm32f4xx_dma.o
       524         44          0          0          0       4841   stm32f4xx_gpio.o
       864         20          0          0          0       9535   stm32f4xx_i2c.o
        26          0          0          0          0       1464   stm32f4xx_it.o
      1160         52          0         16          0      13868   stm32f4xx_rcc.o
       812         36          0          0          0       7737   stm32f4xx_spi.o
       412         40          0         20          0       2039   system_stm32f4xx.o
       384         20          0         16         24      33414   tm_stm32f4_delay.o
       500         16         20          0          0      32329   tm_stm32f4_dma.o
         0          0      10260         24          0       1509   tm_stm32f4_fonts.o
       668         14          0          0         22       5526   tm_stm32f4_gpio.o
      1126         44          0         16          0       7200   tm_stm32f4_i2c.o
      2402         34          0         10          0      15414   tm_stm32f4_ili9341.o
      1600         78          0          0          0       9693   tm_stm32f4_spi.o
       744         40          0        144         60       5126   tm_stm32f4_spi_dma.o
       800         14          0          0          0      11880   tm_stm32f4_stmpe811.o

    ----------------------------------------------------------------------
     15176        656      10742        248       1644     478738   Object Totals
         0          0         32          0          0          0   (incl. Generated)
         6          0          2          2          2          0   (incl. Padding)

    ----------------------------------------------------------------------

      Code (inc. data)   RO Data    RW Data    ZI Data      Debug   Library Member Name

         8          0          0          0          0         68   __main.o
        40          0          0          0          0         84   __printf_nopercent.o
         0          0          0          0          0          0   __rtentry.o
        12          0          0          0          0          0   __rtentry2.o
         6          0          0          0          0          0   __rtentry4.o
        52          8          0          0          0          0   __scatter.o
        26          0          0          0          0          0   __scatter_copy.o
        28          0          0          0          0          0   __scatter_zi.o
        48          6          0          0          0         96   _printf_char_common.o
        10          0          0          0          0         68   _sputc.o
        10          0          0          0          0         68   defsig_exit.o
        50          0          0          0          0         88   defsig_general.o
        80         58          0          0          0         76   defsig_rtmem_inner.o
        14          0          0          0          0         80   defsig_rtmem_outer.o
        18          0          0          0          0         80   exit.o
        94          0          0          0          0         80   h1_alloc.o
        52          0          0          0          0         68   h1_extend.o
        78          0          0          0          0         80   h1_free.o
        14          0          0          0          0         84   h1_init.o
         6          0          0          0          0        152   heapauxi.o
         4          0          0          0          0        136   hguard.o
         0          0          0          0          0          0   indicate_semi.o
       138          0          0          0          0        168   init_alloc.o
         2          0          0          0          0          0   libinit.o
        14          0          0          0          0          0   libinit2.o
         2          0          0          0          0          0   libshutdown.o
         2          0          0          0          0          0   libshutdown2.o
         8          4          0          0         96         68   libspace.o
         0          0          0          0          0          0   maybetermalloc1.o
        40          6          0          0          0         84   noretval__2sprintf.o
         8          4          0          0          0         68   rt_heap_descriptor_intlibspace.o
         2          0          0          0          0          0   rtexit.o
        10          0          0          0          0          0   rtexit2.o
        12          4          0          0          0         68   sys_exit.o
        74          0          0          0          0         80   sys_stackheap_outer.o
        14          0          0          0          0         76   sys_wrch.o
         2          0          0          0          0         68   use_no_semi.o
       826         16          0          0          0        492   daddsub_clz.o
        90          4          0          0          0        140   dfixu.o
        46          0          0          0          0        116   dflt_clz.o
       340         12          0          0          0        152   dmul.o
       156          4          0          0          0        140   dnaninf.o
        12          0          0          0          0        116   dretinf.o
        10          0          0          0          0        116   fpinit.o
         0          0          0          0          0          0   usenofp.o

    ----------------------------------------------------------------------
      2470        126          0          0        100       3260   Library Totals
        12          0          0          0          4          0   (incl. Padding)

    ----------------------------------------------------------------------

      Code (inc. data)   RO Data    RW Data    ZI Data      Debug   Library Name

       978         90          0          0         96       1988   c_w.l
      1480         36          0          0          0       1272   fz_wm.l

    ----------------------------------------------------------------------
      2470        126          0          0        100       3260   Library Totals

    ----------------------------------------------------------------------

==============================================================================


      Code (inc. data)   RO Data    RW Data    ZI Data      Debug   

     17646        782      10742        248       1744     475758   Grand Totals
     17646        782      10742        248       1744     475758   ELF Image Totals
     17646        782      10742        248          0          0   ROM Totals

==============================================================================

    Total RO  Size (Code + RO Data)                28388 (  27.72kB)
    Total RW  Size (RW Data + ZI Data)              1992 (   1.95kB)
    Total ROM Size (Code + RO Data + RW Data)      28636 (  27.96kB)

==============================================================================

